Component: ARM Compiler 5.06 update 7 (build 960) Tool: armlink [4d3601]

==============================================================================

Section Cross References

    led_ir.o(RESET) refers to led_ir.o(STACK) for __initial_sp
    led_ir.o(RESET) refers to led_ir.o(.text) for Reset_Handler


==============================================================================

Image Symbol Table

    Local Symbols

    Symbol Name                              Value     Ov Type        Size  Object(Section)

    led_ir.s                                 0x00000000   Number         0  led_ir.o ABSOLUTE
    RESET                                    0x08000000   Section       96  led_ir.o(RESET)
    .text                                    0x08000060   Section      184  led_ir.o(.text)
    STACK                                    0x20000000   Section     1024  led_ir.o(STACK)
    __initial_sp                             0x20000400   Data           0  led_ir.o(STACK)

    Global Symbols

    Symbol Name                              Value     Ov Type        Size  Object(Section)

    BuildAttributes$$THM_ISAv4$P$D$K$B$S$PE$A:L22UL41UL21$X:L11$S22US41US21$IEEE1$IW$USESV6$~STKCKD$USESV7$~SHL$OSPACE$EBA8$STANDARDLIB$PRES8$EABIv2 0x00000000   Number         0  anon$$obj.o ABSOLUTE
    __Vectors                                0x08000000   Data           4  led_ir.o(RESET)
    Reset_Handler                            0x08000061   Thumb Code   104  led_ir.o(.text)
    EXTI0_IRQHandler                         0x080000cf   Thumb Code    26  led_ir.o(.text)
    EXTI1_IRQHandler                         0x080000e9   Thumb Code     2  led_ir.o(.text)



==============================================================================

Memory Map of the image

  Image Entry point : 0x08000061

  Load Region LR_1 (Base: 0x08000000, Size: 0x00000118, Max: 0xffffffff, ABSOLUTE)

    Execution Region ER_RO (Exec base: 0x08000000, Load base: 0x08000000, Size: 0x00000118, Max: 0xffffffff, ABSOLUTE)

    Exec Addr    Load Addr    Size         Type   Attr      Idx    E Section Name        Object

    0x08000000   0x08000000   0x00000060   Code   RO            2    RESET               led_ir.o
    0x08000060   0x08000060   0x000000b8   Code   RO            3  * .text               led_ir.o


    Execution Region ER_RW (Exec base: 0x20000000, Load base: 0x08000118, Size: 0x00000000, Max: 0xffffffff, ABSOLUTE)

    **** No section assigned to this execution region ****


    Execution Region ER_ZI (Exec base: 0x20000000, Load base: 0x08000118, Size: 0x00000400, Max: 0xffffffff, ABSOLUTE)

    Exec Addr    Load Addr    Size         Type   Attr      Idx    E Section Name        Object

    0x20000000        -       0x00000400   Zero   RW            1    STACK               led_ir.o


==============================================================================

Image component sizes


      Code (inc. data)   RO Data    RW Data    ZI Data      Debug   Object Name

       280        142          0          0       1024        636   led_ir.o

    ----------------------------------------------------------------------
       280        142          0          0       1024        636   Object Totals
         0          0          0          0          0          0   (incl. Generated)
         0          0          0          0          0          0   (incl. Padding)

    ----------------------------------------------------------------------
         0          0          0          0          0          0   Library Totals
         0          0          0          0          0          0   (incl. Padding)

    ----------------------------------------------------------------------

==============================================================================


      Code (inc. data)   RO Data    RW Data    ZI Data      Debug   

       280        142          0          0       1024        636   Grand Totals
       280        142          0          0       1024        636   ELF Image Totals
       280        142          0          0          0          0   ROM Totals

==============================================================================

    Total RO  Size (Code + RO Data)                  280 (   0.27kB)
    Total RW  Size (RW Data + ZI Data)              1024 (   1.00kB)
    Total ROM Size (Code + RO Data + RW Data)        280 (   0.27kB)

==============================================================================

