<!doctype html public "-//w3c//dtd html 4.0 transitional//en">
<html><head>
<title>Static Call Graph - [.\Objects\ASM_INT_LED.axf]</title></head>
<body><HR>
<H1>Static Call Graph for image .\Objects\ASM_INT_LED.axf</H1><HR>
<BR><P>#&#060CALLGRAPH&#062# ARM Linker, 5060960: Last Updated: Mon Apr 26 21:51:46 2021
<BR><P>
<H3>Maximum Stack Usage =          0 bytes + Unknown(Untraceable Function Pointers)</H3><H3>
Call chain for Maximum Stack Depth:</H3>

<P>
<H3>
Function Pointers
</H3><UL>
 <LI><a href="#[1]">EXTI0_IRQHandler</a> from led_ir.o(.text) referenced from led_ir.o(RESET)
 <LI><a href="#[2]">EXTI1_IRQHandler</a> from led_ir.o(.text) referenced from led_ir.o(RESET)
 <LI><a href="#[3]">Reset_Handler</a> from led_ir.o(.text) referenced from led_ir.o(RESET)
</UL>
<P>
<H3>
Global Symbols
</H3>
<P><STRONG><a name="[3]"></a>Reset_Handler</STRONG> (Thumb, 104 bytes, Stack size 0 bytes, led_ir.o(.text))

<P><STRONG><a name="[1]"></a>EXTI0_IRQHandler</STRONG> (Thumb, 26 bytes, Stack size 0 bytes, led_ir.o(.text))
<BR>[Address Reference Count : 1]<UL><LI> led_ir.o(RESET)
</UL>
<P><STRONG><a name="[2]"></a>EXTI1_IRQHandler</STRONG> (Thumb, 2 bytes, Stack size 0 bytes, led_ir.o(.text))
<BR>[Address Reference Count : 1]<UL><LI> led_ir.o(RESET)
</UL><P>
<H3>
Local Symbols
</H3><P>
<H3>
Undefined Global Symbols
</H3><HR></body></html>
