Component: ARM Compiler 5.06 update 7 (build 960) Tool: armlink [4d3601]

==============================================================================

Section Cross References

    startup.o(RESET) refers to startup.o(STACK) for __initial_sp
    startup.o(RESET) refers to startup.o(.text) for Reset_Handler
    startup.o(RESET) refers to port.o(.emb_text) for SVC_Handler
    startup.o(RESET) refers to main.o(i.SysTick_Handler) for SysTick_Handler
    startup.o(.text) refers to entry.o(.ARM.Collect$$$$00000000) for __main
    event_groups.o(i.vEventGroupClearBitsCallback) refers to event_groups.o(i.xEventGroupClearBits) for xEventGroupClearBits
    event_groups.o(i.vEventGroupDelete) refers to tasks.o(i.vTaskSuspendAll) for vTaskSuspendAll
    event_groups.o(i.vEventGroupDelete) refers to tasks.o(i.vTaskRemoveFromUnorderedEventList) for vTaskRemoveFromUnorderedEventList
    event_groups.o(i.vEventGroupDelete) refers to heap_4.o(i.vPortFree) for vPortFree
    event_groups.o(i.vEventGroupDelete) refers to tasks.o(i.xTaskResumeAll) for xTaskResumeAll
    event_groups.o(i.vEventGroupSetBitsCallback) refers to event_groups.o(i.xEventGroupSetBits) for xEventGroupSetBits
    event_groups.o(i.xEventGroupClearBits) refers to port.o(i.vPortEnterCritical) for vPortEnterCritical
    event_groups.o(i.xEventGroupClearBits) refers to port.o(i.vPortExitCritical) for vPortExitCritical
    event_groups.o(i.xEventGroupClearBitsFromISR) refers to timers.o(i.xTimerPendFunctionCallFromISR) for xTimerPendFunctionCallFromISR
    event_groups.o(i.xEventGroupClearBitsFromISR) refers to event_groups.o(i.vEventGroupClearBitsCallback) for vEventGroupClearBitsCallback
    event_groups.o(i.xEventGroupCreate) refers to heap_4.o(i.pvPortMalloc) for pvPortMalloc
    event_groups.o(i.xEventGroupCreate) refers to list.o(i.vListInitialise) for vListInitialise
    event_groups.o(i.xEventGroupSetBits) refers to tasks.o(i.vTaskSuspendAll) for vTaskSuspendAll
    event_groups.o(i.xEventGroupSetBits) refers to tasks.o(i.vTaskRemoveFromUnorderedEventList) for vTaskRemoveFromUnorderedEventList
    event_groups.o(i.xEventGroupSetBits) refers to tasks.o(i.xTaskResumeAll) for xTaskResumeAll
    event_groups.o(i.xEventGroupSetBitsFromISR) refers to timers.o(i.xTimerPendFunctionCallFromISR) for xTimerPendFunctionCallFromISR
    event_groups.o(i.xEventGroupSetBitsFromISR) refers to event_groups.o(i.vEventGroupSetBitsCallback) for vEventGroupSetBitsCallback
    event_groups.o(i.xEventGroupSync) refers to tasks.o(i.xTaskGetSchedulerState) for xTaskGetSchedulerState
    event_groups.o(i.xEventGroupSync) refers to tasks.o(i.vTaskSuspendAll) for vTaskSuspendAll
    event_groups.o(i.xEventGroupSync) refers to event_groups.o(i.xEventGroupSetBits) for xEventGroupSetBits
    event_groups.o(i.xEventGroupSync) refers to tasks.o(i.vTaskPlaceOnUnorderedEventList) for vTaskPlaceOnUnorderedEventList
    event_groups.o(i.xEventGroupSync) refers to tasks.o(i.xTaskResumeAll) for xTaskResumeAll
    event_groups.o(i.xEventGroupSync) refers to tasks.o(i.uxTaskResetEventItemValue) for uxTaskResetEventItemValue
    event_groups.o(i.xEventGroupSync) refers to port.o(i.vPortEnterCritical) for vPortEnterCritical
    event_groups.o(i.xEventGroupSync) refers to port.o(i.vPortExitCritical) for vPortExitCritical
    event_groups.o(i.xEventGroupWaitBits) refers to tasks.o(i.xTaskGetSchedulerState) for xTaskGetSchedulerState
    event_groups.o(i.xEventGroupWaitBits) refers to tasks.o(i.vTaskSuspendAll) for vTaskSuspendAll
    event_groups.o(i.xEventGroupWaitBits) refers to event_groups.o(i.prvTestWaitCondition) for prvTestWaitCondition
    event_groups.o(i.xEventGroupWaitBits) refers to tasks.o(i.vTaskPlaceOnUnorderedEventList) for vTaskPlaceOnUnorderedEventList
    event_groups.o(i.xEventGroupWaitBits) refers to tasks.o(i.xTaskResumeAll) for xTaskResumeAll
    event_groups.o(i.xEventGroupWaitBits) refers to tasks.o(i.uxTaskResetEventItemValue) for uxTaskResetEventItemValue
    event_groups.o(i.xEventGroupWaitBits) refers to port.o(i.vPortEnterCritical) for vPortEnterCritical
    event_groups.o(i.xEventGroupWaitBits) refers to port.o(i.vPortExitCritical) for vPortExitCritical
    queue.o(i.pcQueueGetName) refers to queue.o(.bss) for xQueueRegistry
    queue.o(i.prvCopyDataFromQueue) refers to memcpya.o(.text) for __aeabi_memcpy
    queue.o(i.prvCopyDataToQueue) refers to tasks.o(i.xTaskPriorityDisinherit) for xTaskPriorityDisinherit
    queue.o(i.prvCopyDataToQueue) refers to memcpya.o(.text) for __aeabi_memcpy
    queue.o(i.prvInitialiseMutex) refers to queue.o(i.xQueueGenericSend) for xQueueGenericSend
    queue.o(i.prvInitialiseNewQueue) refers to queue.o(i.xQueueGenericReset) for xQueueGenericReset
    queue.o(i.prvIsQueueEmpty) refers to port.o(i.vPortEnterCritical) for vPortEnterCritical
    queue.o(i.prvIsQueueEmpty) refers to port.o(i.vPortExitCritical) for vPortExitCritical
    queue.o(i.prvIsQueueFull) refers to port.o(i.vPortEnterCritical) for vPortEnterCritical
[...]
    queue.o(i.xQueueGenericSendFromISR) refers to port.o(i.vPortValidateInterruptPriority) for vPortValidateInterruptPriority
    queue.o(i.xQueueGenericSendFromISR) refers to queue.o(i.prvCopyDataToQueue) for prvCopyDataToQueue
    queue.o(i.xQueueGenericSendFromISR) refers to tasks.o(i.xTaskRemoveFromEventList) for xTaskRemoveFromEventList
    queue.o(i.xQueueGetMutexHolder) refers to port.o(i.vPortEnterCritical) for vPortEnterCritical
    queue.o(i.xQueueGetMutexHolder) refers to port.o(i.vPortExitCritical) for vPortExitCritical
    queue.o(i.xQueueGiveFromISR) refers to port.o(i.vPortValidateInterruptPriority) for vPortValidateInterruptPriority
    queue.o(i.xQueueGiveFromISR) refers to tasks.o(i.xTaskRemoveFromEventList) for xTaskRemoveFromEventList
    queue.o(i.xQueueGiveMutexRecursive) refers to tasks.o(i.xTaskGetCurrentTaskHandle) for xTaskGetCurrentTaskHandle
    queue.o(i.xQueueGiveMutexRecursive) refers to queue.o(i.xQueueGenericSend) for xQueueGenericSend
    queue.o(i.xQueuePeek) refers to tasks.o(i.xTaskGetSchedulerState) for xTaskGetSchedulerState
    queue.o(i.xQueuePeek) refers to port.o(i.vPortEnterCritical) for vPortEnterCritical
    queue.o(i.xQueuePeek) refers to queue.o(i.prvCopyDataFromQueue) for prvCopyDataFromQueue
    queue.o(i.xQueuePeek) refers to tasks.o(i.xTaskRemoveFromEventList) for xTaskRemoveFromEventList
    queue.o(i.xQueuePeek) refers to port.o(i.vPortExitCritical) for vPortExitCritical
    queue.o(i.xQueuePeek) refers to tasks.o(i.vTaskInternalSetTimeOutState) for vTaskInternalSetTimeOutState
    queue.o(i.xQueuePeek) refers to tasks.o(i.vTaskSuspendAll) for vTaskSuspendAll
    queue.o(i.xQueuePeek) refers to tasks.o(i.xTaskCheckForTimeOut) for xTaskCheckForTimeOut
    queue.o(i.xQueuePeek) refers to queue.o(i.prvIsQueueEmpty) for prvIsQueueEmpty
    queue.o(i.xQueuePeek) refers to tasks.o(i.vTaskPlaceOnEventList) for vTaskPlaceOnEventList
    queue.o(i.xQueuePeek) refers to queue.o(i.prvUnlockQueue) for prvUnlockQueue
    queue.o(i.xQueuePeek) refers to tasks.o(i.xTaskResumeAll) for xTaskResumeAll
    queue.o(i.xQueuePeekFromISR) refers to port.o(i.vPortValidateInterruptPriority) for vPortValidateInterruptPriority
    queue.o(i.xQueuePeekFromISR) refers to queue.o(i.prvCopyDataFromQueue) for prvCopyDataFromQueue
    queue.o(i.xQueueReceive) refers to tasks.o(i.xTaskGetSchedulerState) for xTaskGetSchedulerState
    queue.o(i.xQueueReceive) refers to port.o(i.vPortEnterCritical) for vPortEnterCritical
    queue.o(i.xQueueReceive) refers to queue.o(i.prvCopyDataFromQueue) for prvCopyDataFromQueue
    queue.o(i.xQueueReceive) refers to tasks.o(i.xTaskRemoveFromEventList) for xTaskRemoveFromEventList
    queue.o(i.xQueueReceive) refers to port.o(i.vPortExitCritical) for vPortExitCritical
    queue.o(i.xQueueReceive) refers to tasks.o(i.vTaskInternalSetTimeOutState) for vTaskInternalSetTimeOutState
    queue.o(i.xQueueReceive) refers to tasks.o(i.vTaskSuspendAll) for vTaskSuspendAll
    queue.o(i.xQueueReceive) refers to tasks.o(i.xTaskCheckForTimeOut) for xTaskCheckForTimeOut
    queue.o(i.xQueueReceive) refers to queue.o(i.prvIsQueueEmpty) for prvIsQueueEmpty
    queue.o(i.xQueueReceive) refers to tasks.o(i.vTaskPlaceOnEventList) for vTaskPlaceOnEventList
    queue.o(i.xQueueReceive) refers to queue.o(i.prvUnlockQueue) for prvUnlockQueue
    queue.o(i.xQueueReceive) refers to tasks.o(i.xTaskResumeAll) for xTaskResumeAll
    queue.o(i.xQueueReceiveFromISR) refers to port.o(i.vPortValidateInterruptPriority) for vPortValidateInterruptPriority
    queue.o(i.xQueueReceiveFromISR) refers to queue.o(i.prvCopyDataFromQueue) for prvCopyDataFromQueue
    queue.o(i.xQueueReceiveFromISR) refers to tasks.o(i.xTaskRemoveFromEventList) for xTaskRemoveFromEventList
    queue.o(i.xQueueSemaphoreTake) refers to tasks.o(i.xTaskGetSchedulerState) for xTaskGetSchedulerState
    queue.o(i.xQueueSemaphoreTake) refers to port.o(i.vPortEnterCritical) for vPortEnterCritical
    queue.o(i.xQueueSemaphoreTake) refers to tasks.o(i.pvTaskIncrementMutexHeldCount) for pvTaskIncrementMutexHeldCount
    queue.o(i.xQueueSemaphoreTake) refers to tasks.o(i.xTaskRemoveFromEventList) for xTaskRemoveFromEventList
    queue.o(i.xQueueSemaphoreTake) refers to port.o(i.vPortExitCritical) for vPortExitCritical
    queue.o(i.xQueueSemaphoreTake) refers to tasks.o(i.vTaskInternalSetTimeOutState) for vTaskInternalSetTimeOutState
    queue.o(i.xQueueSemaphoreTake) refers to tasks.o(i.vTaskSuspendAll) for vTaskSuspendAll
    queue.o(i.xQueueSemaphoreTake) refers to tasks.o(i.xTaskCheckForTimeOut) for xTaskCheckForTimeOut
    queue.o(i.xQueueSemaphoreTake) refers to queue.o(i.prvIsQueueEmpty) for prvIsQueueEmpty
    queue.o(i.xQueueSemaphoreTake) refers to tasks.o(i.xTaskPriorityInherit) for xTaskPriorityInherit
    queue.o(i.xQueueSemaphoreTake) refers to tasks.o(i.vTaskPlaceOnEventList) for vTaskPlaceOnEventList
    queue.o(i.xQueueSemaphoreTake) refers to queue.o(i.prvUnlockQueue) for prvUnlockQueue
    queue.o(i.xQueueSemaphoreTake) refers to tasks.o(i.xTaskResumeAll) for xTaskResumeAll
    queue.o(i.xQueueSemaphoreTake) refers to queue.o(i.prvGetDisinheritPriorityAfterTimeout) for prvGetDisinheritPriorityAfterTimeout
    queue.o(i.xQueueSemaphoreTake) refers to tasks.o(i.vTaskPriorityDisinheritAfterTimeout) for vTaskPriorityDisinheritAfterTimeout
    queue.o(i.xQueueTakeMutexRecursive) refers to tasks.o(i.xTaskGetCurrentTaskHandle) for xTaskGetCurrentTaskHandle
    queue.o(i.xQueueTakeMutexRecursive) refers to queue.o(i.xQueueSemaphoreTake) for xQueueSemaphoreTake
    stream_buffer.o(i.prvInitialiseNewStreamBuffer) refers to memseta.o(.text) for memset
    stream_buffer.o(i.prvReadBytesFromBuffer) refers to memcpya.o(.text) for __aeabi_memcpy
    stream_buffer.o(i.prvReadMessageFromBuffer) refers to stream_buffer.o(i.prvReadBytesFromBuffer) for prvReadBytesFromBuffer
    stream_buffer.o(i.prvWriteBytesToBuffer) refers to memcpya.o(.text) for __aeabi_memcpy
    stream_buffer.o(i.prvWriteMessageToBuffer) refers to stream_buffer.o(i.prvWriteBytesToBuffer) for prvWriteBytesToBuffer
    stream_buffer.o(i.vStreamBufferDelete) refers to heap_4.o(i.vPortFree) for vPortFree
    stream_buffer.o(i.vStreamBufferDelete) refers to memseta.o(.text) for __aeabi_memclr4
    stream_buffer.o(i.xStreamBufferBytesAvailable) refers to stream_buffer.o(i.prvBytesInBuffer) for prvBytesInBuffer
    stream_buffer.o(i.xStreamBufferGenericCreate) refers to heap_4.o(i.pvPortMalloc) for pvPortMalloc
    stream_buffer.o(i.xStreamBufferGenericCreate) refers to stream_buffer.o(i.prvInitialiseNewStreamBuffer) for prvInitialiseNewStreamBuffer
    stream_buffer.o(i.xStreamBufferIsFull) refers to stream_buffer.o(i.xStreamBufferSpacesAvailable) for xStreamBufferSpacesAvailable
    stream_buffer.o(i.xStreamBufferNextMessageLengthBytes) refers to stream_buffer.o(i.prvBytesInBuffer) for prvBytesInBuffer
    stream_buffer.o(i.xStreamBufferNextMessageLengthBytes) refers to stream_buffer.o(i.prvReadBytesFromBuffer) for prvReadBytesFromBuffer
    stream_buffer.o(i.xStreamBufferReceive) refers to port.o(i.vPortEnterCritical) for vPortEnterCritical
    stream_buffer.o(i.xStreamBufferReceive) refers to stream_buffer.o(i.prvBytesInBuffer) for prvBytesInBuffer
    stream_buffer.o(i.xStreamBufferReceive) refers to tasks.o(i.xTaskGenericNotifyStateClear) for xTaskGenericNotifyStateClear
    stream_buffer.o(i.xStreamBufferReceive) refers to tasks.o(i.xTaskGetCurrentTaskHandle) for xTaskGetCurrentTaskHandle
    stream_buffer.o(i.xStreamBufferReceive) refers to port.o(i.vPortExitCritical) for vPortExitCritical
    stream_buffer.o(i.xStreamBufferReceive) refers to tasks.o(i.xTaskGenericNotifyWait) for xTaskGenericNotifyWait
    stream_buffer.o(i.xStreamBufferReceive) refers to stream_buffer.o(i.prvReadMessageFromBuffer) for prvReadMessageFromBuffer
    stream_buffer.o(i.xStreamBufferReceive) refers to tasks.o(i.vTaskSuspendAll) for vTaskSuspendAll
    stream_buffer.o(i.xStreamBufferReceive) refers to tasks.o(i.xTaskGenericNotify) for xTaskGenericNotify
    stream_buffer.o(i.xStreamBufferReceive) refers to tasks.o(i.xTaskResumeAll) for xTaskResumeAll
    stream_buffer.o(i.xStreamBufferReceiveCompletedFromISR) refers to tasks.o(i.xTaskGenericNotifyFromISR) for xTaskGenericNotifyFromISR
    stream_buffer.o(i.xStreamBufferReceiveFromISR) refers to stream_buffer.o(i.prvBytesInBuffer) for prvBytesInBuffer
    stream_buffer.o(i.xStreamBufferReceiveFromISR) refers to stream_buffer.o(i.prvReadMessageFromBuffer) for prvReadMessageFromBuffer
    stream_buffer.o(i.xStreamBufferReceiveFromISR) refers to tasks.o(i.xTaskGenericNotifyFromISR) for xTaskGenericNotifyFromISR
    stream_buffer.o(i.xStreamBufferReset) refers to port.o(i.vPortEnterCritical) for vPortEnterCritical
    stream_buffer.o(i.xStreamBufferReset) refers to stream_buffer.o(i.prvInitialiseNewStreamBuffer) for prvInitialiseNewStreamBuffer
    stream_buffer.o(i.xStreamBufferReset) refers to port.o(i.vPortExitCritical) for vPortExitCritical
    stream_buffer.o(i.xStreamBufferSend) refers to tasks.o(i.vTaskSetTimeOutState) for vTaskSetTimeOutState
    stream_buffer.o(i.xStreamBufferSend) refers to port.o(i.vPortEnterCritical) for vPortEnterCritical
    stream_buffer.o(i.xStreamBufferSend) refers to stream_buffer.o(i.xStreamBufferSpacesAvailable) for xStreamBufferSpacesAvailable
    stream_buffer.o(i.xStreamBufferSend) refers to tasks.o(i.xTaskGenericNotifyStateClear) for xTaskGenericNotifyStateClear
    stream_buffer.o(i.xStreamBufferSend) refers to tasks.o(i.xTaskGetCurrentTaskHandle) for xTaskGetCurrentTaskHandle
    stream_buffer.o(i.xStreamBufferSend) refers to port.o(i.vPortExitCritical) for vPortExitCritical
    stream_buffer.o(i.xStreamBufferSend) refers to tasks.o(i.xTaskGenericNotifyWait) for xTaskGenericNotifyWait
    stream_buffer.o(i.xStreamBufferSend) refers to tasks.o(i.xTaskCheckForTimeOut) for xTaskCheckForTimeOut
    stream_buffer.o(i.xStreamBufferSend) refers to stream_buffer.o(i.prvWriteMessageToBuffer) for prvWriteMessageToBuffer
    stream_buffer.o(i.xStreamBufferSend) refers to stream_buffer.o(i.prvBytesInBuffer) for prvBytesInBuffer
    stream_buffer.o(i.xStreamBufferSend) refers to tasks.o(i.vTaskSuspendAll) for vTaskSuspendAll
    stream_buffer.o(i.xStreamBufferSend) refers to tasks.o(i.xTaskGenericNotify) for xTaskGenericNotify
    stream_buffer.o(i.xStreamBufferSend) refers to tasks.o(i.xTaskResumeAll) for xTaskResumeAll
    stream_buffer.o(i.xStreamBufferSendCompletedFromISR) refers to tasks.o(i.xTaskGenericNotifyFromISR) for xTaskGenericNotifyFromISR
    stream_buffer.o(i.xStreamBufferSendFromISR) refers to stream_buffer.o(i.xStreamBufferSpacesAvailable) for xStreamBufferSpacesAvailable
    stream_buffer.o(i.xStreamBufferSendFromISR) refers to stream_buffer.o(i.prvWriteMessageToBuffer) for prvWriteMessageToBuffer
    stream_buffer.o(i.xStreamBufferSendFromISR) refers to stream_buffer.o(i.prvBytesInBuffer) for prvBytesInBuffer
    stream_buffer.o(i.xStreamBufferSendFromISR) refers to tasks.o(i.xTaskGenericNotifyFromISR) for xTaskGenericNotifyFromISR
    tasks.o(i.eTaskGetState) refers to port.o(i.vPortEnterCritical) for vPortEnterCritical
    tasks.o(i.eTaskGetState) refers to port.o(i.vPortExitCritical) for vPortExitCritical
    tasks.o(i.eTaskGetState) refers to tasks.o(.data) for pxCurrentTCB
    tasks.o(i.eTaskGetState) refers to tasks.o(.bss) for xSuspendedTaskList
    tasks.o(i.pcTaskGetName) refers to tasks.o(.data) for pxCurrentTCB
    tasks.o(i.prvAddCurrentTaskToDelayedList) refers to list.o(i.uxListRemove) for uxListRemove
    tasks.o(i.prvAddCurrentTaskToDelayedList) refers to list.o(i.vListInsertEnd) for vListInsertEnd
    tasks.o(i.prvAddCurrentTaskToDelayedList) refers to list.o(i.vListInsert) for vListInsert
    tasks.o(i.prvAddCurrentTaskToDelayedList) refers to tasks.o(.data) for xTickCount
    tasks.o(i.prvAddCurrentTaskToDelayedList) refers to tasks.o(.bss) for xSuspendedTaskList
    tasks.o(i.prvAddNewTaskToReadyList) refers to port.o(i.vPortEnterCritical) for vPortEnterCritical
    tasks.o(i.prvAddNewTaskToReadyList) refers to tasks.o(i.prvInitialiseTaskLists) for prvInitialiseTaskLists
    tasks.o(i.prvAddNewTaskToReadyList) refers to list.o(i.vListInsertEnd) for vListInsertEnd
    tasks.o(i.prvAddNewTaskToReadyList) refers to port.o(i.vPortExitCritical) for vPortExitCritical
    tasks.o(i.prvAddNewTaskToReadyList) refers to tasks.o(.data) for uxCurrentNumberOfTasks
    tasks.o(i.prvAddNewTaskToReadyList) refers to tasks.o(.bss) for pxReadyTasksLists
    tasks.o(i.prvCheckTasksWaitingTermination) refers to port.o(i.vPortEnterCritical) for vPortEnterCritical
    tasks.o(i.prvCheckTasksWaitingTermination) refers to list.o(i.uxListRemove) for uxListRemove
    tasks.o(i.prvCheckTasksWaitingTermination) refers to port.o(i.vPortExitCritical) for vPortExitCritical
    tasks.o(i.prvCheckTasksWaitingTermination) refers to tasks.o(i.prvDeleteTCB) for prvDeleteTCB
    tasks.o(i.prvCheckTasksWaitingTermination) refers to tasks.o(.bss) for xTasksWaitingTermination
    tasks.o(i.prvCheckTasksWaitingTermination) refers to tasks.o(.data) for uxCurrentNumberOfTasks
    tasks.o(i.prvDeleteTCB) refers to heap_4.o(i.vPortFree) for vPortFree
    tasks.o(i.prvIdleTask) refers to tasks.o(i.prvCheckTasksWaitingTermination) for prvCheckTasksWaitingTermination
    tasks.o(i.prvIdleTask) refers to tasks.o(.bss) for pxReadyTasksLists
    tasks.o(i.prvInitialiseNewTask) refers to memseta.o(.text) for __aeabi_memset
    tasks.o(i.prvInitialiseNewTask) refers to list.o(i.vListInitialiseItem) for vListInitialiseItem
    tasks.o(i.prvInitialiseNewTask) refers to port.o(i.pxPortInitialiseStack) for pxPortInitialiseStack
    tasks.o(i.prvInitialiseTaskLists) refers to list.o(i.vListInitialise) for vListInitialise
    tasks.o(i.prvInitialiseTaskLists) refers to tasks.o(.bss) for pxReadyTasksLists
    tasks.o(i.prvInitialiseTaskLists) refers to tasks.o(.data) for pxDelayedTaskList
    tasks.o(i.prvListTasksWithinSingleList) refers to tasks.o(i.vTaskGetInfo) for vTaskGetInfo
    tasks.o(i.prvResetNextTaskUnblockTime) refers to tasks.o(.data) for pxDelayedTaskList
    tasks.o(i.prvTaskIsTaskSuspended) refers to tasks.o(.bss) for xSuspendedTaskList
    tasks.o(i.pvTaskIncrementMutexHeldCount) refers to tasks.o(.data) for pxCurrentTCB
    tasks.o(i.ulTaskGenericNotifyTake) refers to port.o(i.vPortEnterCritical) for vPortEnterCritical
    tasks.o(i.ulTaskGenericNotifyTake) refers to tasks.o(i.prvAddCurrentTaskToDelayedList) for prvAddCurrentTaskToDelayedList
    tasks.o(i.ulTaskGenericNotifyTake) refers to port.o(i.vPortExitCritical) for vPortExitCritical
    tasks.o(i.ulTaskGenericNotifyTake) refers to tasks.o(.data) for pxCurrentTCB
    tasks.o(i.ulTaskGenericNotifyValueClear) refers to port.o(i.vPortEnterCritical) for vPortEnterCritical
    tasks.o(i.ulTaskGenericNotifyValueClear) refers to port.o(i.vPortExitCritical) for vPortExitCritical
    tasks.o(i.ulTaskGenericNotifyValueClear) refers to tasks.o(.data) for pxCurrentTCB
    tasks.o(i.uxTaskGetNumberOfTasks) refers to tasks.o(.data) for uxCurrentNumberOfTasks
    tasks.o(i.uxTaskGetStackHighWaterMark) refers to tasks.o(i.prvTaskCheckFreeStackSpace) for prvTaskCheckFreeStackSpace
    tasks.o(i.uxTaskGetStackHighWaterMark) refers to tasks.o(.data) for pxCurrentTCB
    tasks.o(i.uxTaskGetSystemState) refers to tasks.o(i.vTaskSuspendAll) for vTaskSuspendAll
    tasks.o(i.uxTaskGetSystemState) refers to tasks.o(i.prvListTasksWithinSingleList) for prvListTasksWithinSingleList
    tasks.o(i.uxTaskGetSystemState) refers to tasks.o(i.xTaskResumeAll) for xTaskResumeAll
    tasks.o(i.uxTaskGetSystemState) refers to tasks.o(.data) for uxCurrentNumberOfTasks
    tasks.o(i.uxTaskGetSystemState) refers to tasks.o(.bss) for pxReadyTasksLists
    tasks.o(i.uxTaskPriorityGet) refers to port.o(i.vPortEnterCritical) for vPortEnterCritical
    tasks.o(i.uxTaskPriorityGet) refers to port.o(i.vPortExitCritical) for vPortExitCritical
    tasks.o(i.uxTaskPriorityGet) refers to tasks.o(.data) for pxCurrentTCB
    tasks.o(i.uxTaskPriorityGetFromISR) refers to port.o(i.vPortValidateInterruptPriority) for vPortValidateInterruptPriority
    tasks.o(i.uxTaskPriorityGetFromISR) refers to tasks.o(.data) for pxCurrentTCB
    tasks.o(i.uxTaskResetEventItemValue) refers to tasks.o(.data) for pxCurrentTCB
    tasks.o(i.vTaskDelay) refers to tasks.o(i.vTaskSuspendAll) for vTaskSuspendAll
    tasks.o(i.vTaskDelay) refers to tasks.o(i.prvAddCurrentTaskToDelayedList) for prvAddCurrentTaskToDelayedList
    tasks.o(i.vTaskDelay) refers to tasks.o(i.xTaskResumeAll) for xTaskResumeAll
    tasks.o(i.vTaskDelay) refers to tasks.o(.data) for uxSchedulerSuspended
    tasks.o(i.vTaskDelete) refers to port.o(i.vPortEnterCritical) for vPortEnterCritical
    tasks.o(i.vTaskDelete) refers to list.o(i.uxListRemove) for uxListRemove
    tasks.o(i.vTaskDelete) refers to list.o(i.vListInsertEnd) for vListInsertEnd
    tasks.o(i.vTaskDelete) refers to tasks.o(i.prvDeleteTCB) for prvDeleteTCB
    tasks.o(i.vTaskDelete) refers to tasks.o(i.prvResetNextTaskUnblockTime) for prvResetNextTaskUnblockTime
    tasks.o(i.vTaskDelete) refers to port.o(i.vPortExitCritical) for vPortExitCritical
    tasks.o(i.vTaskDelete) refers to tasks.o(.data) for pxCurrentTCB
    tasks.o(i.vTaskDelete) refers to tasks.o(.bss) for xTasksWaitingTermination
    tasks.o(i.vTaskEndScheduler) refers to port.o(i.vPortEndScheduler) for vPortEndScheduler
    tasks.o(i.vTaskEndScheduler) refers to tasks.o(.data) for xSchedulerRunning
    tasks.o(i.vTaskGenericNotifyGiveFromISR) refers to port.o(i.vPortValidateInterruptPriority) for vPortValidateInterruptPriority
    tasks.o(i.vTaskGenericNotifyGiveFromISR) refers to list.o(i.uxListRemove) for uxListRemove
    tasks.o(i.vTaskGenericNotifyGiveFromISR) refers to list.o(i.vListInsertEnd) for vListInsertEnd
    tasks.o(i.vTaskGenericNotifyGiveFromISR) refers to tasks.o(.data) for uxSchedulerSuspended
    tasks.o(i.vTaskGenericNotifyGiveFromISR) refers to tasks.o(.bss) for pxReadyTasksLists
    tasks.o(i.vTaskGetInfo) refers to tasks.o(i.vTaskSuspendAll) for vTaskSuspendAll
    tasks.o(i.vTaskGetInfo) refers to tasks.o(i.xTaskResumeAll) for xTaskResumeAll
    tasks.o(i.vTaskGetInfo) refers to tasks.o(i.eTaskGetState) for eTaskGetState
    tasks.o(i.vTaskGetInfo) refers to tasks.o(i.prvTaskCheckFreeStackSpace) for prvTaskCheckFreeStackSpace
    tasks.o(i.vTaskGetInfo) refers to tasks.o(.data) for pxCurrentTCB
    tasks.o(i.vTaskInternalSetTimeOutState) refers to tasks.o(.data) for xNumOfOverflows
    tasks.o(i.vTaskMissedYield) refers to tasks.o(.data) for xYieldPending
    tasks.o(i.vTaskPlaceOnEventList) refers to list.o(i.vListInsert) for vListInsert
    tasks.o(i.vTaskPlaceOnEventList) refers to tasks.o(i.prvAddCurrentTaskToDelayedList) for prvAddCurrentTaskToDelayedList
    tasks.o(i.vTaskPlaceOnEventList) refers to tasks.o(.data) for pxCurrentTCB
    tasks.o(i.vTaskPlaceOnEventListRestricted) refers to list.o(i.vListInsertEnd) for vListInsertEnd
    tasks.o(i.vTaskPlaceOnEventListRestricted) refers to tasks.o(i.prvAddCurrentTaskToDelayedList) for prvAddCurrentTaskToDelayedList
    tasks.o(i.vTaskPlaceOnEventListRestricted) refers to tasks.o(.data) for pxCurrentTCB
    tasks.o(i.vTaskPlaceOnUnorderedEventList) refers to list.o(i.vListInsertEnd) for vListInsertEnd
    tasks.o(i.vTaskPlaceOnUnorderedEventList) refers to tasks.o(i.prvAddCurrentTaskToDelayedList) for prvAddCurrentTaskToDelayedList
    tasks.o(i.vTaskPlaceOnUnorderedEventList) refers to tasks.o(.data) for uxSchedulerSuspended
    tasks.o(i.vTaskPriorityDisinheritAfterTimeout) refers to list.o(i.uxListRemove) for uxListRemove
    tasks.o(i.vTaskPriorityDisinheritAfterTimeout) refers to list.o(i.vListInsertEnd) for vListInsertEnd
    tasks.o(i.vTaskPriorityDisinheritAfterTimeout) refers to tasks.o(.data) for pxCurrentTCB
    tasks.o(i.vTaskPriorityDisinheritAfterTimeout) refers to tasks.o(.bss) for pxReadyTasksLists
    tasks.o(i.vTaskPrioritySet) refers to port.o(i.vPortEnterCritical) for vPortEnterCritical
    tasks.o(i.vTaskPrioritySet) refers to list.o(i.uxListRemove) for uxListRemove
    tasks.o(i.vTaskPrioritySet) refers to list.o(i.vListInsertEnd) for vListInsertEnd
    tasks.o(i.vTaskPrioritySet) refers to port.o(i.vPortExitCritical) for vPortExitCritical
    tasks.o(i.vTaskPrioritySet) refers to tasks.o(.data) for pxCurrentTCB
    tasks.o(i.vTaskPrioritySet) refers to tasks.o(.bss) for pxReadyTasksLists
    tasks.o(i.vTaskRemoveFromUnorderedEventList) refers to list.o(i.uxListRemove) for uxListRemove
    tasks.o(i.vTaskRemoveFromUnorderedEventList) refers to list.o(i.vListInsertEnd) for vListInsertEnd
    tasks.o(i.vTaskRemoveFromUnorderedEventList) refers to tasks.o(.data) for uxSchedulerSuspended
    tasks.o(i.vTaskRemoveFromUnorderedEventList) refers to tasks.o(.bss) for pxReadyTasksLists
    tasks.o(i.vTaskResume) refers to port.o(i.vPortEnterCritical) for vPortEnterCritical
    tasks.o(i.vTaskResume) refers to tasks.o(i.prvTaskIsTaskSuspended) for prvTaskIsTaskSuspended
    tasks.o(i.vTaskResume) refers to list.o(i.uxListRemove) for uxListRemove
    tasks.o(i.vTaskResume) refers to list.o(i.vListInsertEnd) for vListInsertEnd
    tasks.o(i.vTaskResume) refers to port.o(i.vPortExitCritical) for vPortExitCritical
    tasks.o(i.vTaskResume) refers to tasks.o(.data) for pxCurrentTCB
    tasks.o(i.vTaskResume) refers to tasks.o(.bss) for pxReadyTasksLists
    tasks.o(i.vTaskSetTimeOutState) refers to port.o(i.vPortEnterCritical) for vPortEnterCritical
    tasks.o(i.vTaskSetTimeOutState) refers to port.o(i.vPortExitCritical) for vPortExitCritical
    tasks.o(i.vTaskSetTimeOutState) refers to tasks.o(.data) for xNumOfOverflows
    tasks.o(i.vTaskStartScheduler) refers to tasks.o(i.xTaskCreate) for xTaskCreate
    tasks.o(i.vTaskStartScheduler) refers to timers.o(i.xTimerCreateTimerTask) for xTimerCreateTimerTask
    tasks.o(i.vTaskStartScheduler) refers to port.o(i.xPortStartScheduler) for xPortStartScheduler
    tasks.o(i.vTaskStartScheduler) refers to tasks.o(.data) for xIdleTaskHandle
    tasks.o(i.vTaskStartScheduler) refers to tasks.o(i.prvIdleTask) for prvIdleTask
    tasks.o(i.vTaskSuspend) refers to port.o(i.vPortEnterCritical) for vPortEnterCritical
    tasks.o(i.vTaskSuspend) refers to list.o(i.uxListRemove) for uxListRemove
    tasks.o(i.vTaskSuspend) refers to list.o(i.vListInsertEnd) for vListInsertEnd
    tasks.o(i.vTaskSuspend) refers to port.o(i.vPortExitCritical) for vPortExitCritical
    tasks.o(i.vTaskSuspend) refers to tasks.o(i.prvResetNextTaskUnblockTime) for prvResetNextTaskUnblockTime
    tasks.o(i.vTaskSuspend) refers to tasks.o(i.vTaskSwitchContext) for vTaskSwitchContext
    tasks.o(i.vTaskSuspend) refers to tasks.o(.data) for pxCurrentTCB
    tasks.o(i.vTaskSuspend) refers to tasks.o(.bss) for xSuspendedTaskList
    tasks.o(i.vTaskSuspendAll) refers to tasks.o(.data) for uxSchedulerSuspended
    tasks.o(i.vTaskSwitchContext) refers to tasks.o(.data) for uxSchedulerSuspended
    tasks.o(i.vTaskSwitchContext) refers to tasks.o(.bss) for pxReadyTasksLists
    tasks.o(i.xTaskCatchUpTicks) refers to tasks.o(i.vTaskSuspendAll) for vTaskSuspendAll
    tasks.o(i.xTaskCatchUpTicks) refers to tasks.o(i.xTaskResumeAll) for xTaskResumeAll
    tasks.o(i.xTaskCatchUpTicks) refers to tasks.o(.data) for uxSchedulerSuspended
    tasks.o(i.xTaskCheckForTimeOut) refers to port.o(i.vPortEnterCritical) for vPortEnterCritical
    tasks.o(i.xTaskCheckForTimeOut) refers to tasks.o(i.vTaskInternalSetTimeOutState) for vTaskInternalSetTimeOutState
    tasks.o(i.xTaskCheckForTimeOut) refers to port.o(i.vPortExitCritical) for vPortExitCritical
    tasks.o(i.xTaskCheckForTimeOut) refers to tasks.o(.data) for xTickCount
    tasks.o(i.xTaskCreate) refers to heap_4.o(i.pvPortMalloc) for pvPortMalloc
    tasks.o(i.xTaskCreate) refers to heap_4.o(i.vPortFree) for vPortFree
    tasks.o(i.xTaskCreate) refers to tasks.o(i.prvInitialiseNewTask) for prvInitialiseNewTask
    tasks.o(i.xTaskCreate) refers to tasks.o(i.prvAddNewTaskToReadyList) for prvAddNewTaskToReadyList
    tasks.o(i.xTaskDelayUntil) refers to tasks.o(i.vTaskSuspendAll) for vTaskSuspendAll
    tasks.o(i.xTaskDelayUntil) refers to tasks.o(i.prvAddCurrentTaskToDelayedList) for prvAddCurrentTaskToDelayedList
    tasks.o(i.xTaskDelayUntil) refers to tasks.o(i.xTaskResumeAll) for xTaskResumeAll
    tasks.o(i.xTaskDelayUntil) refers to tasks.o(.data) for uxSchedulerSuspended
    tasks.o(i.xTaskGenericNotify) refers to port.o(i.vPortEnterCritical) for vPortEnterCritical
    tasks.o(i.xTaskGenericNotify) refers to list.o(i.uxListRemove) for uxListRemove
    tasks.o(i.xTaskGenericNotify) refers to list.o(i.vListInsertEnd) for vListInsertEnd
    tasks.o(i.xTaskGenericNotify) refers to port.o(i.vPortExitCritical) for vPortExitCritical
    tasks.o(i.xTaskGenericNotify) refers to tasks.o(.data) for xTickCount
    tasks.o(i.xTaskGenericNotify) refers to tasks.o(.bss) for pxReadyTasksLists
    tasks.o(i.xTaskGenericNotifyFromISR) refers to port.o(i.vPortValidateInterruptPriority) for vPortValidateInterruptPriority
    tasks.o(i.xTaskGenericNotifyFromISR) refers to list.o(i.uxListRemove) for uxListRemove
    tasks.o(i.xTaskGenericNotifyFromISR) refers to list.o(i.vListInsertEnd) for vListInsertEnd
    tasks.o(i.xTaskGenericNotifyFromISR) refers to tasks.o(.data) for xTickCount
    tasks.o(i.xTaskGenericNotifyFromISR) refers to tasks.o(.bss) for pxReadyTasksLists
    tasks.o(i.xTaskGenericNotifyStateClear) refers to port.o(i.vPortEnterCritical) for vPortEnterCritical
    tasks.o(i.xTaskGenericNotifyStateClear) refers to port.o(i.vPortExitCritical) for vPortExitCritical
    tasks.o(i.xTaskGenericNotifyStateClear) refers to tasks.o(.data) for pxCurrentTCB
    tasks.o(i.xTaskGenericNotifyWait) refers to port.o(i.vPortEnterCritical) for vPortEnterCritical
    tasks.o(i.xTaskGenericNotifyWait) refers to tasks.o(i.prvAddCurrentTaskToDelayedList) for prvAddCurrentTaskToDelayedList
    tasks.o(i.xTaskGenericNotifyWait) refers to port.o(i.vPortExitCritical) for vPortExitCritical
    tasks.o(i.xTaskGenericNotifyWait) refers to tasks.o(.data) for pxCurrentTCB
    tasks.o(i.xTaskGetCurrentTaskHandle) refers to tasks.o(.data) for pxCurrentTCB
    tasks.o(i.xTaskGetSchedulerState) refers to tasks.o(.data) for xSchedulerRunning
    tasks.o(i.xTaskGetTickCount) refers to tasks.o(.data) for xTickCount
    tasks.o(i.xTaskGetTickCountFromISR) refers to port.o(i.vPortValidateInterruptPriority) for vPortValidateInterruptPriority
    tasks.o(i.xTaskGetTickCountFromISR) refers to tasks.o(.data) for xTickCount
    tasks.o(i.xTaskIncrementTick) refers to tasks.o(i.prvResetNextTaskUnblockTime) for prvResetNextTaskUnblockTime
    tasks.o(i.xTaskIncrementTick) refers to list.o(i.uxListRemove) for uxListRemove
    tasks.o(i.xTaskIncrementTick) refers to list.o(i.vListInsertEnd) for vListInsertEnd
    tasks.o(i.xTaskIncrementTick) refers to tasks.o(.data) for uxSchedulerSuspended
    tasks.o(i.xTaskIncrementTick) refers to tasks.o(.bss) for pxReadyTasksLists
    tasks.o(i.xTaskPriorityDisinherit) refers to list.o(i.uxListRemove) for uxListRemove
    tasks.o(i.xTaskPriorityDisinherit) refers to list.o(i.vListInsertEnd) for vListInsertEnd
    tasks.o(i.xTaskPriorityDisinherit) refers to tasks.o(.data) for pxCurrentTCB
    tasks.o(i.xTaskPriorityDisinherit) refers to tasks.o(.bss) for pxReadyTasksLists
    tasks.o(i.xTaskPriorityInherit) refers to list.o(i.uxListRemove) for uxListRemove
    tasks.o(i.xTaskPriorityInherit) refers to list.o(i.vListInsertEnd) for vListInsertEnd
    tasks.o(i.xTaskPriorityInherit) refers to tasks.o(.data) for pxCurrentTCB
    tasks.o(i.xTaskPriorityInherit) refers to tasks.o(.bss) for pxReadyTasksLists
    tasks.o(i.xTaskRemoveFromEventList) refers to list.o(i.uxListRemove) for uxListRemove
    tasks.o(i.xTaskRemoveFromEventList) refers to list.o(i.vListInsertEnd) for vListInsertEnd
    tasks.o(i.xTaskRemoveFromEventList) refers to tasks.o(.data) for uxSchedulerSuspended
    tasks.o(i.xTaskRemoveFromEventList) refers to tasks.o(.bss) for pxReadyTasksLists
    tasks.o(i.xTaskResumeAll) refers to port.o(i.vPortEnterCritical) for vPortEnterCritical
    tasks.o(i.xTaskResumeAll) refers to list.o(i.uxListRemove) for uxListRemove
    tasks.o(i.xTaskResumeAll) refers to list.o(i.vListInsertEnd) for vListInsertEnd
    tasks.o(i.xTaskResumeAll) refers to tasks.o(i.prvResetNextTaskUnblockTime) for prvResetNextTaskUnblockTime
    tasks.o(i.xTaskResumeAll) refers to tasks.o(i.xTaskIncrementTick) for xTaskIncrementTick
    tasks.o(i.xTaskResumeAll) refers to port.o(i.vPortExitCritical) for vPortExitCritical
    tasks.o(i.xTaskResumeAll) refers to tasks.o(.data) for uxSchedulerSuspended
    tasks.o(i.xTaskResumeAll) refers to tasks.o(.bss) for xPendingReadyList
    tasks.o(i.xTaskResumeFromISR) refers to port.o(i.vPortValidateInterruptPriority) for vPortValidateInterruptPriority
    tasks.o(i.xTaskResumeFromISR) refers to tasks.o(i.prvTaskIsTaskSuspended) for prvTaskIsTaskSuspended
    tasks.o(i.xTaskResumeFromISR) refers to list.o(i.uxListRemove) for uxListRemove
    tasks.o(i.xTaskResumeFromISR) refers to list.o(i.vListInsertEnd) for vListInsertEnd
    tasks.o(i.xTaskResumeFromISR) refers to tasks.o(.data) for uxSchedulerSuspended
    tasks.o(i.xTaskResumeFromISR) refers to tasks.o(.bss) for pxReadyTasksLists
    timers.o(i.prvCheckForValidListAndQueue) refers to port.o(i.vPortEnterCritical) for vPortEnterCritical
    timers.o(i.prvCheckForValidListAndQueue) refers to list.o(i.vListInitialise) for vListInitialise
    timers.o(i.prvCheckForValidListAndQueue) refers to queue.o(i.xQueueGenericCreate) for xQueueGenericCreate
    timers.o(i.prvCheckForValidListAndQueue) refers to queue.o(i.vQueueAddToRegistry) for vQueueAddToRegistry
    timers.o(i.prvCheckForValidListAndQueue) refers to port.o(i.vPortExitCritical) for vPortExitCritical
    timers.o(i.prvCheckForValidListAndQueue) refers to timers.o(.data) for xTimerQueue
    timers.o(i.prvCheckForValidListAndQueue) refers to timers.o(.bss) for xActiveTimerList1
    timers.o(i.prvGetNextExpireTime) refers to timers.o(.data) for pxCurrentTimerList
    timers.o(i.prvInitialiseNewTimer) refers to timers.o(i.prvCheckForValidListAndQueue) for prvCheckForValidListAndQueue
    timers.o(i.prvInitialiseNewTimer) refers to list.o(i.vListInitialiseItem) for vListInitialiseItem
    timers.o(i.prvInsertTimerInActiveList) refers to list.o(i.vListInsert) for vListInsert
    timers.o(i.prvInsertTimerInActiveList) refers to timers.o(.data) for pxOverflowTimerList
    timers.o(i.prvProcessExpiredTimer) refers to list.o(i.uxListRemove) for uxListRemove
    timers.o(i.prvProcessExpiredTimer) refers to timers.o(i.prvInsertTimerInActiveList) for prvInsertTimerInActiveList
    timers.o(i.prvProcessExpiredTimer) refers to timers.o(i.xTimerGenericCommand) for xTimerGenericCommand
    timers.o(i.prvProcessExpiredTimer) refers to timers.o(.data) for pxCurrentTimerList
    timers.o(i.prvProcessReceivedCommands) refers to list.o(i.uxListRemove) for uxListRemove
    timers.o(i.prvProcessReceivedCommands) refers to timers.o(i.prvSampleTimeNow) for prvSampleTimeNow
    timers.o(i.prvProcessReceivedCommands) refers to timers.o(i.prvInsertTimerInActiveList) for prvInsertTimerInActiveList
    timers.o(i.prvProcessReceivedCommands) refers to timers.o(i.xTimerGenericCommand) for xTimerGenericCommand
    timers.o(i.prvProcessReceivedCommands) refers to heap_4.o(i.vPortFree) for vPortFree
    timers.o(i.prvProcessReceivedCommands) refers to queue.o(i.xQueueReceive) for xQueueReceive
    timers.o(i.prvProcessReceivedCommands) refers to timers.o(.data) for xTimerQueue
    timers.o(i.prvProcessTimerOrBlockTask) refers to tasks.o(i.vTaskSuspendAll) for vTaskSuspendAll
    timers.o(i.prvProcessTimerOrBlockTask) refers to timers.o(i.prvSampleTimeNow) for prvSampleTimeNow
    timers.o(i.prvProcessTimerOrBlockTask) refers to tasks.o(i.xTaskResumeAll) for xTaskResumeAll
    timers.o(i.prvProcessTimerOrBlockTask) refers to timers.o(i.prvProcessExpiredTimer) for prvProcessExpiredTimer
    timers.o(i.prvProcessTimerOrBlockTask) refers to queue.o(i.vQueueWaitForMessageRestricted) for vQueueWaitForMessageRestricted
    timers.o(i.prvProcessTimerOrBlockTask) refers to timers.o(.data) for pxOverflowTimerList
    timers.o(i.prvSampleTimeNow) refers to tasks.o(i.xTaskGetTickCount) for xTaskGetTickCount
    timers.o(i.prvSampleTimeNow) refers to timers.o(i.prvSwitchTimerLists) for prvSwitchTimerLists
    timers.o(i.prvSampleTimeNow) refers to timers.o(.data) for xLastTime
    timers.o(i.prvSwitchTimerLists) refers to list.o(i.uxListRemove) for uxListRemove
    timers.o(i.prvSwitchTimerLists) refers to list.o(i.vListInsert) for vListInsert
    timers.o(i.prvSwitchTimerLists) refers to timers.o(i.xTimerGenericCommand) for xTimerGenericCommand
    timers.o(i.prvSwitchTimerLists) refers to timers.o(.data) for pxCurrentTimerList
    timers.o(i.prvTimerTask) refers to timers.o(i.prvGetNextExpireTime) for prvGetNextExpireTime
    timers.o(i.prvTimerTask) refers to timers.o(i.prvProcessTimerOrBlockTask) for prvProcessTimerOrBlockTask
    timers.o(i.prvTimerTask) refers to timers.o(i.prvProcessReceivedCommands) for prvProcessReceivedCommands
    timers.o(i.pvTimerGetTimerID) refers to port.o(i.vPortEnterCritical) for vPortEnterCritical
    timers.o(i.pvTimerGetTimerID) refers to port.o(i.vPortExitCritical) for vPortExitCritical
    timers.o(i.uxTimerGetReloadMode) refers to port.o(i.vPortEnterCritical) for vPortEnterCritical
    timers.o(i.uxTimerGetReloadMode) refers to port.o(i.vPortExitCritical) for vPortExitCritical
    timers.o(i.vTimerSetReloadMode) refers to port.o(i.vPortEnterCritical) for vPortEnterCritical
    timers.o(i.vTimerSetReloadMode) refers to port.o(i.vPortExitCritical) for vPortExitCritical
    timers.o(i.vTimerSetTimerID) refers to port.o(i.vPortEnterCritical) for vPortEnterCritical
    timers.o(i.vTimerSetTimerID) refers to port.o(i.vPortExitCritical) for vPortExitCritical
    timers.o(i.xTimerCreate) refers to heap_4.o(i.pvPortMalloc) for pvPortMalloc
    timers.o(i.xTimerCreate) refers to timers.o(i.prvInitialiseNewTimer) for prvInitialiseNewTimer
    timers.o(i.xTimerCreateTimerTask) refers to timers.o(i.prvCheckForValidListAndQueue) for prvCheckForValidListAndQueue
    timers.o(i.xTimerCreateTimerTask) refers to tasks.o(i.xTaskCreate) for xTaskCreate
    timers.o(i.xTimerCreateTimerTask) refers to timers.o(.data) for xTimerQueue
    timers.o(i.xTimerCreateTimerTask) refers to timers.o(i.prvTimerTask) for prvTimerTask
    timers.o(i.xTimerGenericCommand) refers to tasks.o(i.xTaskGetSchedulerState) for xTaskGetSchedulerState
    timers.o(i.xTimerGenericCommand) refers to queue.o(i.xQueueGenericSend) for xQueueGenericSend
    timers.o(i.xTimerGenericCommand) refers to queue.o(i.xQueueGenericSendFromISR) for xQueueGenericSendFromISR
    timers.o(i.xTimerGenericCommand) refers to timers.o(.data) for xTimerQueue
    timers.o(i.xTimerGetTimerDaemonTaskHandle) refers to timers.o(.data) for xTimerTaskHandle
    timers.o(i.xTimerIsTimerActive) refers to port.o(i.vPortEnterCritical) for vPortEnterCritical
    timers.o(i.xTimerIsTimerActive) refers to port.o(i.vPortExitCritical) for vPortExitCritical
    timers.o(i.xTimerPendFunctionCall) refers to queue.o(i.xQueueGenericSend) for xQueueGenericSend
    timers.o(i.xTimerPendFunctionCall) refers to timers.o(.data) for xTimerQueue
    timers.o(i.xTimerPendFunctionCallFromISR) refers to queue.o(i.xQueueGenericSendFromISR) for xQueueGenericSendFromISR
    timers.o(i.xTimerPendFunctionCallFromISR) refers to timers.o(.data) for xTimerQueue
    heap_4.o(i.prvHeapInit) refers to heap_4.o(.bss) for ucHeap
    heap_4.o(i.prvHeapInit) refers to heap_4.o(.data) for xStart
    heap_4.o(i.prvInsertBlockIntoFreeList) refers to heap_4.o(.data) for xStart
    heap_4.o(i.pvPortMalloc) refers to tasks.o(i.vTaskSuspendAll) for vTaskSuspendAll
    heap_4.o(i.pvPortMalloc) refers to heap_4.o(i.prvHeapInit) for prvHeapInit
    heap_4.o(i.pvPortMalloc) refers to heap_4.o(i.prvInsertBlockIntoFreeList) for prvInsertBlockIntoFreeList
    heap_4.o(i.pvPortMalloc) refers to tasks.o(i.xTaskResumeAll) for xTaskResumeAll
    heap_4.o(i.pvPortMalloc) refers to heap_4.o(.data) for pxEnd
    heap_4.o(i.vPortFree) refers to tasks.o(i.vTaskSuspendAll) for vTaskSuspendAll
    heap_4.o(i.vPortFree) refers to heap_4.o(i.prvInsertBlockIntoFreeList) for prvInsertBlockIntoFreeList
    heap_4.o(i.vPortFree) refers to tasks.o(i.xTaskResumeAll) for xTaskResumeAll
    heap_4.o(i.vPortFree) refers to heap_4.o(.data) for xBlockAllocatedBit
    heap_4.o(i.vPortGetHeapStats) refers to tasks.o(i.vTaskSuspendAll) for vTaskSuspendAll
    heap_4.o(i.vPortGetHeapStats) refers to tasks.o(i.xTaskResumeAll) for xTaskResumeAll
    heap_4.o(i.vPortGetHeapStats) refers to port.o(i.vPortEnterCritical) for vPortEnterCritical
    heap_4.o(i.vPortGetHeapStats) refers to port.o(i.vPortExitCritical) for vPortExitCritical
    heap_4.o(i.vPortGetHeapStats) refers to heap_4.o(.data) for xStart
    heap_4.o(i.xPortGetFreeHeapSize) refers to heap_4.o(.data) for xFreeBytesRemaining
    heap_4.o(i.xPortGetMinimumEverFreeHeapSize) refers to heap_4.o(.data) for xMinimumEverFreeBytesRemaining
    port.o(.emb_text) refers to tasks.o(i.vTaskSwitchContext) for vTaskSwitchContext
    port.o(.emb_text) refers to tasks.o(.data) for pxCurrentTCB
    port.o(i.prvTaskExitError) refers to port.o(.data) for uxCriticalNesting
    port.o(i.pxPortInitialiseStack) refers to port.o(i.prvTaskExitError) for prvTaskExitError
    port.o(i.vPortEndScheduler) refers to port.o(.data) for uxCriticalNesting
    port.o(i.vPortEnterCritical) refers to port.o(.data) for uxCriticalNesting
    port.o(i.vPortExitCritical) refers to port.o(.data) for uxCriticalNesting
    port.o(i.vPortValidateInterruptPriority) refers to port.o(.emb_text) for vPortGetIPSR
    port.o(i.vPortValidateInterruptPriority) refers to port.o(.data) for ucMaxSysCallPriority
    port.o(i.xPortStartScheduler) refers to port.o(i.vPortSetupTimerInterrupt) for vPortSetupTimerInterrupt
    port.o(i.xPortStartScheduler) refers to port.o(.emb_text) for __asm___6_port_c_39a90d8d__prvEnableVFP
    port.o(i.xPortStartScheduler) refers to port.o(.data) for ucMaxSysCallPriority
    port.o(i.xPortSysTickHandler) refers to tasks.o(i.xTaskIncrementTick) for xTaskIncrementTick
    main.o(i.LEDOFF_task) refers to startup.o(.text) for LEDOFF
    main.o(i.LEDOFF_task) refers to tasks.o(i.vTaskDelay) for vTaskDelay
    main.o(i.LEDON_task) refers to startup.o(.text) for LEDON
    main.o(i.LEDON_task) refers to tasks.o(i.vTaskDelay) for vTaskDelay
    main.o(i.SysTick_Handler) refers to port.o(i.xPortSysTickHandler) for xPortSysTickHandler
    main.o(i.main) refers to tasks.o(i.xTaskCreate) for xTaskCreate
    main.o(i.main) refers to tasks.o(i.vTaskStartScheduler) for vTaskStartScheduler
    main.o(i.main) refers to main.o(.data) for StartTask_Handler
    main.o(i.main) refers to main.o(i.start_task) for start_task
    main.o(i.start_task) refers to tasks.o(i.xTaskCreate) for xTaskCreate
    main.o(i.start_task) refers to tasks.o(i.vTaskDelete) for vTaskDelete
    main.o(i.start_task) refers to main.o(.data) for LEDONTask_Handler
    main.o(i.start_task) refers to main.o(i.LEDON_task) for LEDON_task
    main.o(i.start_task) refers to main.o(i.LEDOFF_task) for LEDOFF_task
    entry.o(.ARM.Collect$$$$00000000) refers (Special) to entry10a.o(.ARM.Collect$$$$0000000F) for __rt_final_cpp
    entry.o(.ARM.Collect$$$$00000000) refers (Special) to entry11a.o(.ARM.Collect$$$$00000011) for __rt_final_exit
    entry.o(.ARM.Collect$$$$00000000) refers (Special) to entry12b.o(.ARM.Collect$$$$0000000E) for __rt_lib_shutdown_fini
    entry.o(.ARM.Collect$$$$00000000) refers (Special) to entry7b.o(.ARM.Collect$$$$00000008) for _main_clock
    entry.o(.ARM.Collect$$$$00000000) refers (Special) to entry8b.o(.ARM.Collect$$$$0000000A) for _main_cpp_init
    entry.o(.ARM.Collect$$$$00000000) refers (Special) to entry9a.o(.ARM.Collect$$$$0000000B) for _main_init
    entry.o(.ARM.Collect$$$$00000000) refers (Special) to entry5.o(.ARM.Collect$$$$00000004) for _main_scatterload
    entry.o(.ARM.Collect$$$$00000000) refers (Special) to entry2.o(.ARM.Collect$$$$00000001) for _main_stk
    entry2.o(.ARM.Collect$$$$00000001) refers to entry2.o(.ARM.Collect$$$$00002712) for __lit__00000000
    entry2.o(.ARM.Collect$$$$00002712) refers to startup.o(STACK) for __initial_sp
    entry2.o(__vectab_stack_and_reset_area) refers to startup.o(STACK) for __initial_sp
    entry2.o(__vectab_stack_and_reset_area) refers to entry.o(.ARM.Collect$$$$00000000) for __main
    entry5.o(.ARM.Collect$$$$00000004) refers to init.o(.text) for __scatterload
    entry9a.o(.ARM.Collect$$$$0000000B) refers to main.o(i.main) for main
    entry9b.o(.ARM.Collect$$$$0000000C) refers to main.o(i.main) for main
    init.o(.text) refers to entry5.o(.ARM.Collect$$$$00000004) for __main_after_scatterload


==============================================================================

Removing Unused input sections from the image.

    Removing startup.o(HEAP), (512 bytes).
    Removing event_groups.o(i.prvTestWaitCondition), (30 bytes).
    Removing event_groups.o(i.uxEventGroupGetNumber), (14 bytes).
    Removing event_groups.o(i.vEventGroupClearBitsCallback), (16 bytes).
    Removing event_groups.o(i.vEventGroupDelete), (82 bytes).
    Removing event_groups.o(i.vEventGroupSetBitsCallback), (16 bytes).
    Removing event_groups.o(i.vEventGroupSetNumber), (4 bytes).
    Removing event_groups.o(i.xEventGroupClearBits), (92 bytes).
    Removing event_groups.o(i.xEventGroupClearBitsFromISR), (28 bytes).
    Removing event_groups.o(i.xEventGroupCreate), (26 bytes).
    Removing event_groups.o(i.xEventGroupGetBitsFromISR), (44 bytes).
    Removing event_groups.o(i.xEventGroupSetBits), (206 bytes).
    Removing event_groups.o(i.xEventGroupSetBitsFromISR), (36 bytes).
    Removing event_groups.o(i.xEventGroupSync), (272 bytes).
    Removing event_groups.o(i.xEventGroupWaitBits), (344 bytes).
    Removing queue.o(i.pcQueueGetName), (44 bytes).
    Removing queue.o(i.prvGetDisinheritPriorityAfterTimeout), (20 bytes).
    Removing queue.o(i.prvInitialiseMutex), (30 bytes).
    Removing queue.o(i.ucQueueGetQueueType), (8 bytes).
    Removing queue.o(i.uxQueueGetQueueNumber), (6 bytes).
    Removing queue.o(i.uxQueueMessagesWaiting), (42 bytes).
    Removing queue.o(i.uxQueueMessagesWaitingFromISR), (34 bytes).
    Removing queue.o(i.uxQueueSpacesAvailable), (48 bytes).
    Removing queue.o(i.vQueueDelete), (44 bytes).
    Removing queue.o(i.vQueueSetQueueNumber), (4 bytes).
    Removing queue.o(i.vQueueUnregisterQueue), (48 bytes).
    Removing queue.o(i.xQueueCreateCountingSemaphore), (92 bytes).
    Removing queue.o(i.xQueueCreateMutex), (34 bytes).
    Removing queue.o(i.xQueueGetMutexHolder), (28 bytes).
    Removing queue.o(i.xQueueGetMutexHolderFromISR), (38 bytes).
    Removing queue.o(i.xQueueGiveFromISR), (260 bytes).
    Removing queue.o(i.xQueueGiveMutexRecursive), (72 bytes).
    Removing queue.o(i.xQueueIsQueueEmptyFromISR), (42 bytes).
    Removing queue.o(i.xQueueIsQueueFullFromISR), (46 bytes).
    Removing queue.o(i.xQueuePeek), (368 bytes).
    Removing queue.o(i.xQueuePeekFromISR), (176 bytes).
    Removing queue.o(i.xQueueReceiveFromISR), (238 bytes).
    Removing queue.o(i.xQueueSemaphoreTake), (440 bytes).
    Removing queue.o(i.xQueueTakeMutexRecursive), (78 bytes).
    Removing stream_buffer.o(i.prvBytesInBuffer), (24 bytes).
    Removing stream_buffer.o(i.prvInitialiseNewStreamBuffer), (86 bytes).
    Removing stream_buffer.o(i.prvReadBytesFromBuffer), (202 bytes).
    Removing stream_buffer.o(i.prvReadMessageFromBuffer), (72 bytes).
    Removing stream_buffer.o(i.prvWriteBytesToBuffer), (186 bytes).
    Removing stream_buffer.o(i.prvWriteMessageToBuffer), (92 bytes).
    Removing stream_buffer.o(i.ucStreamBufferGetStreamBufferType), (10 bytes).
    Removing stream_buffer.o(i.uxStreamBufferGetStreamBufferNumber), (6 bytes).
    Removing stream_buffer.o(i.vStreamBufferDelete), (56 bytes).
    Removing stream_buffer.o(i.vStreamBufferSetStreamBufferNumber), (4 bytes).
    Removing stream_buffer.o(i.xStreamBufferBytesAvailable), (42 bytes).
    Removing stream_buffer.o(i.xStreamBufferGenericCreate), (172 bytes).
    Removing stream_buffer.o(i.xStreamBufferIsEmpty), (46 bytes).
    Removing stream_buffer.o(i.xStreamBufferIsFull), (64 bytes).
    Removing stream_buffer.o(i.xStreamBufferNextMessageLengthBytes), (120 bytes).
    Removing stream_buffer.o(i.xStreamBufferReceive), (260 bytes).
    Removing stream_buffer.o(i.xStreamBufferReceiveCompletedFromISR), (104 bytes).
    Removing stream_buffer.o(i.xStreamBufferReceiveFromISR), (186 bytes).
    Removing stream_buffer.o(i.xStreamBufferReset), (74 bytes).
    Removing stream_buffer.o(i.xStreamBufferSend), (348 bytes).
    Removing stream_buffer.o(i.xStreamBufferSendCompletedFromISR), (104 bytes).
    Removing stream_buffer.o(i.xStreamBufferSendFromISR), (186 bytes).
    Removing stream_buffer.o(i.xStreamBufferSetTriggerLevel), (50 bytes).
    Removing stream_buffer.o(i.xStreamBufferSpacesAvailable), (54 bytes).
    Removing tasks.o(i.eTaskGetState), (164 bytes).
    Removing tasks.o(i.pcTaskGetName), (48 bytes).
    Removing tasks.o(i.prvListTasksWithinSingleList), (106 bytes).
    Removing tasks.o(i.prvTaskCheckFreeStackSpace), (22 bytes).
    Removing tasks.o(i.prvTaskIsTaskSuspended), (88 bytes).
    Removing tasks.o(i.pvTaskIncrementMutexHeldCount), (32 bytes).
    Removing tasks.o(i.ulTaskGenericNotifyTake), (168 bytes).
    Removing tasks.o(i.ulTaskGenericNotifyValueClear), (64 bytes).
    Removing tasks.o(i.uxTaskGetNumberOfTasks), (12 bytes).
    Removing tasks.o(i.uxTaskGetStackHighWaterMark), (40 bytes).
    Removing tasks.o(i.uxTaskGetSystemState), (176 bytes).
    Removing tasks.o(i.uxTaskGetTaskNumber), (14 bytes).
    Removing tasks.o(i.uxTaskPriorityGet), (36 bytes).
    Removing tasks.o(i.uxTaskPriorityGetFromISR), (68 bytes).
    Removing tasks.o(i.uxTaskResetEventItemValue), (28 bytes).
    Removing tasks.o(i.vTaskEndScheduler), (36 bytes).
    Removing tasks.o(i.vTaskGenericNotifyGiveFromISR), (288 bytes).
    Removing tasks.o(i.vTaskGetInfo), (132 bytes).
    Removing tasks.o(i.vTaskPlaceOnUnorderedEventList), (108 bytes).
    Removing tasks.o(i.vTaskPriorityDisinheritAfterTimeout), (208 bytes).
    Removing tasks.o(i.vTaskPrioritySet), (256 bytes).
    Removing tasks.o(i.vTaskRemoveFromUnorderedEventList), (160 bytes).
    Removing tasks.o(i.vTaskResume), (144 bytes).
    Removing tasks.o(i.vTaskSetTaskNumber), (8 bytes).
    Removing tasks.o(i.vTaskSetTimeOutState), (60 bytes).
    Removing tasks.o(i.vTaskSuspend), (216 bytes).
    Removing tasks.o(i.xTaskCatchUpTicks), (72 bytes).
    Removing tasks.o(i.xTaskDelayUntil), (216 bytes).
    Removing tasks.o(i.xTaskGenericNotify), (380 bytes).
    Removing tasks.o(i.xTaskGenericNotifyFromISR), (440 bytes).
    Removing tasks.o(i.xTaskGenericNotifyStateClear), (96 bytes).
    Removing tasks.o(i.xTaskGenericNotifyWait), (204 bytes).
    Removing tasks.o(i.xTaskGetCurrentTaskHandle), (12 bytes).
    Removing tasks.o(i.xTaskGetTickCountFromISR), (20 bytes).
    Removing tasks.o(i.xTaskPriorityInherit), (164 bytes).
    Removing tasks.o(i.xTaskResumeFromISR), (188 bytes).
    Removing timers.o(i.pcTimerGetName), (32 bytes).
    Removing timers.o(i.prvInitialiseNewTimer), (90 bytes).
    Removing timers.o(i.pvTimerGetTimerID), (44 bytes).
    Removing timers.o(i.uxTimerGetReloadMode), (58 bytes).
    Removing timers.o(i.uxTimerGetTimerNumber), (6 bytes).
    Removing timers.o(i.vTimerSetReloadMode), (70 bytes).
    Removing timers.o(i.vTimerSetTimerID), (44 bytes).
    Removing timers.o(i.vTimerSetTimerNumber), (4 bytes).
    Removing timers.o(i.xTimerCreate), (54 bytes).
    Removing timers.o(i.xTimerGetExpiryTime), (34 bytes).
    Removing timers.o(i.xTimerGetPeriod), (32 bytes).
    Removing timers.o(i.xTimerGetTimerDaemonTaskHandle), (48 bytes).
    Removing timers.o(i.xTimerIsTimerActive), (58 bytes).
    Removing timers.o(i.xTimerPendFunctionCall), (80 bytes).
    Removing timers.o(i.xTimerPendFunctionCallFromISR), (52 bytes).
    Removing heap_4.o(i.vPortGetHeapStats), (128 bytes).
    Removing heap_4.o(i.vPortInitialiseBlocks), (2 bytes).
    Removing heap_4.o(i.xPortGetFreeHeapSize), (12 bytes).
    Removing heap_4.o(i.xPortGetMinimumEverFreeHeapSize), (12 bytes).
    Removing port.o(i.vPortEndScheduler), (48 bytes).

119 unused section(s) (total 11892 bytes) removed from the image.

==============================================================================

Image Symbol Table

    Local Symbols

    Symbol Name                              Value     Ov Type        Size  Object(Section)

    ../clib/microlib/init/entry.s            0x00000000   Number         0  entry10a.o ABSOLUTE
    ../clib/microlib/init/entry.s            0x00000000   Number         0  entry12a.o ABSOLUTE
    ../clib/microlib/init/entry.s            0x00000000   Number         0  entry11a.o ABSOLUTE
    ../clib/microlib/init/entry.s            0x00000000   Number         0  entry7a.o ABSOLUTE
    ../clib/microlib/init/entry.s            0x00000000   Number         0  entry7b.o ABSOLUTE
    ../clib/microlib/init/entry.s            0x00000000   Number         0  entry9a.o ABSOLUTE
    ../clib/microlib/init/entry.s            0x00000000   Number         0  entry10b.o ABSOLUTE
    ../clib/microlib/init/entry.s            0x00000000   Number         0  entry8a.o ABSOLUTE
    ../clib/microlib/init/entry.s            0x00000000   Number         0  entry11b.o ABSOLUTE
    ../clib/microlib/init/entry.s            0x00000000   Number         0  entry12b.o ABSOLUTE
    ../clib/microlib/init/entry.s            0x00000000   Number         0  entry8b.o ABSOLUTE
    ../clib/microlib/init/entry.s            0x00000000   Number         0  entry5.o ABSOLUTE
    ../clib/microlib/init/entry.s            0x00000000   Number         0  entry2.o ABSOLUTE
    ../clib/microlib/init/entry.s            0x00000000   Number         0  entry.o ABSOLUTE
    ../clib/microlib/init/entry.s            0x00000000   Number         0  entry9b.o ABSOLUTE
    ../clib/microlib/string/memcpy.c         0x00000000   Number         0  memcpya.o ABSOLUTE
    ../clib/microlib/string/memcpy.c         0x00000000   Number         0  memcpyb.o ABSOLUTE
    ../clib/microlib/string/memset.c         0x00000000   Number         0  memseta.o ABSOLUTE
    ../clib/microlib/string/memset.c         0x00000000   Number         0  memset.o ABSOLUTE
    ..\BSP\startup.s                         0x00000000   Number         0  startup.o ABSOLUTE
    ..\Core\main.c                           0x00000000   Number         0  main.o ABSOLUTE
    ..\FreeRTOS\croutine.c                   0x00000000   Number         0  croutine.o ABSOLUTE
    ..\FreeRTOS\event_groups.c               0x00000000   Number         0  event_groups.o ABSOLUTE
    ..\FreeRTOS\list.c                       0x00000000   Number         0  list.o ABSOLUTE
    ..\FreeRTOS\portable\MemMang\heap_4.c    0x00000000   Number         0  heap_4.o ABSOLUTE
    ..\FreeRTOS\portable\RVDS\ARM_CM4F\port.c 0x00000000   Number         0  port.o ABSOLUTE
    ..\FreeRTOS\queue.c                      0x00000000   Number         0  queue.o ABSOLUTE
    ..\FreeRTOS\stream_buffer.c              0x00000000   Number         0  stream_buffer.o ABSOLUTE
    ..\FreeRTOS\tasks.c                      0x00000000   Number         0  tasks.o ABSOLUTE
    ..\FreeRTOS\timers.c                     0x00000000   Number         0  timers.o ABSOLUTE
    ..\\FreeRTOS\\portable\\RVDS\\ARM_CM4F\\port.c 0x00000000   Number         0  port.o ABSOLUTE
    dc.s                                     0x00000000   Number         0  dc.o ABSOLUTE
    handlers.s                               0x00000000   Number         0  handlers.o ABSOLUTE
    init.s                                   0x00000000   Number         0  init.o ABSOLUTE
    RESET                                    0x08000000   Section      408  startup.o(RESET)
    .ARM.Collect$$$$00000000                 0x08000198   Section        0  entry.o(.ARM.Collect$$$$00000000)
    .ARM.Collect$$$$00000001                 0x08000198   Section        4  entry2.o(.ARM.Collect$$$$00000001)
    .ARM.Collect$$$$00000004                 0x0800019c   Section        4  entry5.o(.ARM.Collect$$$$00000004)
    .ARM.Collect$$$$00000008                 0x080001a0   Section        0  entry7b.o(.ARM.Collect$$$$00000008)
    .ARM.Collect$$$$0000000A                 0x080001a0   Section        0  entry8b.o(.ARM.Collect$$$$0000000A)
    .ARM.Collect$$$$0000000B                 0x080001a0   Section        8  entry9a.o(.ARM.Collect$$$$0000000B)
    .ARM.Collect$$$$0000000E                 0x080001a8   Section        4  entry12b.o(.ARM.Collect$$$$0000000E)
    .ARM.Collect$$$$0000000F                 0x080001ac   Section        0  entry10a.o(.ARM.Collect$$$$0000000F)
    .ARM.Collect$$$$00000011                 0x080001ac   Section        0  entry11a.o(.ARM.Collect$$$$00000011)
    .ARM.Collect$$$$00002712                 0x080001ac   Section        4  entry2.o(.ARM.Collect$$$$00002712)
    __lit__00000000                          0x080001ac   Data           4  entry2.o(.ARM.Collect$$$$00002712)
    .emb_text                                0x080001b0   Section      222  port.o(.emb_text)
    $v0                                      0x080001b0   Number         0  port.o(.emb_text)
    .text                                    0x08000290   Section      496  startup.o(.text)
    $v0                                      0x08000290   Number         0  startup.o(.text)
    SysTickConfig                            0x080002ad   Thumb Code   300  startup.o(.text)
    GPIOConfig                               0x080003d9   Thumb Code    96  startup.o(.text)
    .text                                    0x08000480   Section        0  memcpya.o(.text)
    .text                                    0x080004a4   Section        0  memseta.o(.text)
    .text                                    0x080004c8   Section       36  init.o(.text)
    i.LEDOFF_task                            0x080004ec   Section        0  main.o(i.LEDOFF_task)
    i.LEDON_task                             0x080004fc   Section        0  main.o(i.LEDON_task)
    i.SysTick_Handler                        0x0800050c   Section        0  main.o(i.SysTick_Handler)
    i.__scatterload_copy                     0x08000514   Section       14  handlers.o(i.__scatterload_copy)
    i.__scatterload_null                     0x08000522   Section        2  handlers.o(i.__scatterload_null)
    i.__scatterload_zeroinit                 0x08000524   Section       14  handlers.o(i.__scatterload_zeroinit)
    i.main                                   0x08000534   Section        0  main.o(i.main)
    i.prvAddCurrentTaskToDelayedList         0x08000568   Section        0  tasks.o(i.prvAddCurrentTaskToDelayedList)
    prvAddCurrentTaskToDelayedList           0x08000569   Thumb Code   100  tasks.o(i.prvAddCurrentTaskToDelayedList)
    i.prvAddNewTaskToReadyList               0x080005e4   Section        0  tasks.o(i.prvAddNewTaskToReadyList)
    prvAddNewTaskToReadyList                 0x080005e5   Thumb Code   154  tasks.o(i.prvAddNewTaskToReadyList)
    i.prvCheckForValidListAndQueue           0x0800069c   Section        0  timers.o(i.prvCheckForValidListAndQueue)
    prvCheckForValidListAndQueue             0x0800069d   Thumb Code    72  timers.o(i.prvCheckForValidListAndQueue)
    i.prvCheckTasksWaitingTermination        0x08000700   Section        0  tasks.o(i.prvCheckTasksWaitingTermination)
    prvCheckTasksWaitingTermination          0x08000701   Thumb Code    60  tasks.o(i.prvCheckTasksWaitingTermination)
    i.prvCopyDataFromQueue                   0x08000748   Section        0  queue.o(i.prvCopyDataFromQueue)
    prvCopyDataFromQueue                     0x08000749   Thumb Code    42  queue.o(i.prvCopyDataFromQueue)
    i.prvCopyDataToQueue                     0x08000772   Section        0  queue.o(i.prvCopyDataToQueue)
    prvCopyDataToQueue                       0x08000773   Thumb Code   126  queue.o(i.prvCopyDataToQueue)
    i.prvDeleteTCB                           0x080007f0   Section        0  tasks.o(i.prvDeleteTCB)
    prvDeleteTCB                             0x080007f1   Thumb Code    18  tasks.o(i.prvDeleteTCB)
    i.prvGetNextExpireTime                   0x08000804   Section        0  timers.o(i.prvGetNextExpireTime)
    prvGetNextExpireTime                     0x08000805   Thumb Code    36  timers.o(i.prvGetNextExpireTime)
    i.prvHeapInit                            0x0800082c   Section        0  heap_4.o(i.prvHeapInit)
    prvHeapInit                              0x0800082d   Thumb Code    98  heap_4.o(i.prvHeapInit)
    i.prvIdleTask                            0x080008a8   Section        0  tasks.o(i.prvIdleTask)
    prvIdleTask                              0x080008a9   Thumb Code    32  tasks.o(i.prvIdleTask)
    i.prvInitialiseNewQueue                  0x080008d0   Section        0  queue.o(i.prvInitialiseNewQueue)
    prvInitialiseNewQueue                    0x080008d1   Thumb Code    42  queue.o(i.prvInitialiseNewQueue)
    i.prvInitialiseNewTask                   0x080008fa   Section        0  tasks.o(i.prvInitialiseNewTask)
    prvInitialiseNewTask                     0x080008fb   Thumb Code   190  tasks.o(i.prvInitialiseNewTask)
    i.prvInitialiseTaskLists                 0x080009b8   Section        0  tasks.o(i.prvInitialiseTaskLists)
    prvInitialiseTaskLists                   0x080009b9   Thumb Code    70  tasks.o(i.prvInitialiseTaskLists)
    i.prvInsertBlockIntoFreeList             0x08000a20   Section        0  heap_4.o(i.prvInsertBlockIntoFreeList)
    prvInsertBlockIntoFreeList               0x08000a21   Thumb Code    96  heap_4.o(i.prvInsertBlockIntoFreeList)
    i.prvInsertTimerInActiveList             0x08000a88   Section        0  timers.o(i.prvInsertTimerInActiveList)
    prvInsertTimerInActiveList               0x08000a89   Thumb Code    80  timers.o(i.prvInsertTimerInActiveList)
    i.prvIsQueueEmpty                        0x08000ae0   Section        0  queue.o(i.prvIsQueueEmpty)
    prvIsQueueEmpty                          0x08000ae1   Thumb Code    26  queue.o(i.prvIsQueueEmpty)
    i.prvIsQueueFull                         0x08000afa   Section        0  queue.o(i.prvIsQueueFull)
    prvIsQueueFull                           0x08000afb   Thumb Code    30  queue.o(i.prvIsQueueFull)
    i.prvProcessExpiredTimer                 0x08000b18   Section        0  timers.o(i.prvProcessExpiredTimer)
    prvProcessExpiredTimer                   0x08000b19   Thumb Code   110  timers.o(i.prvProcessExpiredTimer)
    i.prvProcessReceivedCommands             0x08000b8c   Section        0  timers.o(i.prvProcessReceivedCommands)
    prvProcessReceivedCommands               0x08000b8d   Thumb Code   350  timers.o(i.prvProcessReceivedCommands)
    i.prvProcessTimerOrBlockTask             0x08000cf0   Section        0  timers.o(i.prvProcessTimerOrBlockTask)
    prvProcessTimerOrBlockTask               0x08000cf1   Thumb Code   102  timers.o(i.prvProcessTimerOrBlockTask)
    i.prvResetNextTaskUnblockTime            0x08000d64   Section        0  tasks.o(i.prvResetNextTaskUnblockTime)
    prvResetNextTaskUnblockTime              0x08000d65   Thumb Code    40  tasks.o(i.prvResetNextTaskUnblockTime)
    i.prvSampleTimeNow                       0x08000d94   Section        0  timers.o(i.prvSampleTimeNow)
    prvSampleTimeNow                         0x08000d95   Thumb Code    40  timers.o(i.prvSampleTimeNow)
    i.prvSwitchTimerLists                    0x08000dc0   Section        0  timers.o(i.prvSwitchTimerLists)
    prvSwitchTimerLists                      0x08000dc1   Thumb Code   154  timers.o(i.prvSwitchTimerLists)
    i.prvTaskExitError                       0x08000e64   Section        0  port.o(i.prvTaskExitError)
    prvTaskExitError                         0x08000e65   Thumb Code    60  port.o(i.prvTaskExitError)
    i.prvTimerTask                           0x08000ea4   Section        0  timers.o(i.prvTimerTask)
    prvTimerTask                             0x08000ea5   Thumb Code    26  timers.o(i.prvTimerTask)
    i.prvUnlockQueue                         0x08000ebe   Section        0  queue.o(i.prvUnlockQueue)
    prvUnlockQueue                           0x08000ebf   Thumb Code   126  queue.o(i.prvUnlockQueue)
    i.pvPortMalloc                           0x08000f3c   Section        0  heap_4.o(i.pvPortMalloc)
    i.pxPortInitialiseStack                  0x080010a8   Section        0  port.o(i.pxPortInitialiseStack)
    i.start_task                             0x080010d4   Section        0  main.o(i.start_task)
    i.uxListRemove                           0x08001138   Section        0  list.o(i.uxListRemove)
    i.vListInitialise                        0x08001160   Section        0  list.o(i.vListInitialise)
    i.vListInitialiseItem                    0x0800117a   Section        0  list.o(i.vListInitialiseItem)
    i.vListInsert                            0x08001180   Section        0  list.o(i.vListInsert)
    i.vListInsertEnd                         0x080011b4   Section        0  list.o(i.vListInsertEnd)
    i.vPortEnterCritical                     0x080011cc   Section        0  port.o(i.vPortEnterCritical)
    i.vPortExitCritical                      0x08001220   Section        0  port.o(i.vPortExitCritical)
    i.vPortFree                              0x0800125c   Section        0  heap_4.o(i.vPortFree)
    i.vPortSetupTimerInterrupt               0x08001300   Section        0  port.o(i.vPortSetupTimerInterrupt)
    i.vPortValidateInterruptPriority         0x08001318   Section        0  port.o(i.vPortValidateInterruptPriority)
    i.vQueueAddToRegistry                    0x08001390   Section        0  queue.o(i.vQueueAddToRegistry)
    i.vQueueWaitForMessageRestricted         0x080013bc   Section        0  queue.o(i.vQueueWaitForMessageRestricted)
    i.vTaskDelay                             0x08001408   Section        0  tasks.o(i.vTaskDelay)
    i.vTaskDelete                            0x08001464   Section        0  tasks.o(i.vTaskDelete)
    i.vTaskInternalSetTimeOutState           0x0800152c   Section        0  tasks.o(i.vTaskInternalSetTimeOutState)
    i.vTaskMissedYield                       0x08001544   Section        0  tasks.o(i.vTaskMissedYield)
    i.vTaskPlaceOnEventList                  0x08001550   Section        0  tasks.o(i.vTaskPlaceOnEventList)
    i.vTaskPlaceOnEventListRestricted        0x08001588   Section        0  tasks.o(i.vTaskPlaceOnEventListRestricted)
    i.vTaskStartScheduler                    0x080015c8   Section        0  tasks.o(i.vTaskStartScheduler)
    i.vTaskSuspendAll                        0x08001664   Section        0  tasks.o(i.vTaskSuspendAll)
    i.vTaskSwitchContext                     0x08001674   Section        0  tasks.o(i.vTaskSwitchContext)
    i.xPortStartScheduler                    0x08001704   Section        0  port.o(i.xPortStartScheduler)
    i.xPortSysTickHandler                    0x0800186c   Section        0  port.o(i.xPortSysTickHandler)
    i.xQueueGenericCreate                    0x080018a0   Section        0  queue.o(i.xQueueGenericCreate)
    i.xQueueGenericReset                     0x08001944   Section        0  queue.o(i.xQueueGenericReset)
    i.xQueueGenericSend                      0x080019dc   Section        0  queue.o(i.xQueueGenericSend)
    i.xQueueGenericSendFromISR               0x08001b84   Section        0  queue.o(i.xQueueGenericSendFromISR)
    i.xQueueReceive                          0x08001ca4   Section        0  queue.o(i.xQueueReceive)
    i.xTaskCheckForTimeOut                   0x08001e0c   Section        0  tasks.o(i.xTaskCheckForTimeOut)
    i.xTaskCreate                            0x08001e9c   Section        0  tasks.o(i.xTaskCreate)
    i.xTaskGetSchedulerState                 0x08001efc   Section        0  tasks.o(i.xTaskGetSchedulerState)
    i.xTaskGetTickCount                      0x08001f1c   Section        0  tasks.o(i.xTaskGetTickCount)
    i.xTaskIncrementTick                     0x08001f28   Section        0  tasks.o(i.xTaskIncrementTick)
    i.xTaskPriorityDisinherit                0x0800206c   Section        0  tasks.o(i.xTaskPriorityDisinherit)
    i.xTaskRemoveFromEventList               0x08002110   Section        0  tasks.o(i.xTaskRemoveFromEventList)
    i.xTaskResumeAll                         0x080021a8   Section        0  tasks.o(i.xTaskResumeAll)
    i.xTimerCreateTimerTask                  0x080022ac   Section        0  timers.o(i.xTimerCreateTimerTask)
    i.xTimerGenericCommand                   0x08002300   Section        0  timers.o(i.xTimerGenericCommand)
    .data                                    0x20000000   Section       64  tasks.o(.data)
    pxDelayedTaskList                        0x20000004   Data           4  tasks.o(.data)
    pxOverflowDelayedTaskList                0x20000008   Data           4  tasks.o(.data)
    uxDeletedTasksWaitingCleanUp             0x2000000c   Data           4  tasks.o(.data)
    uxCurrentNumberOfTasks                   0x20000010   Data           4  tasks.o(.data)
    xTickCount                               0x20000014   Data           4  tasks.o(.data)
    uxTopReadyPriority                       0x20000018   Data           4  tasks.o(.data)
    xSchedulerRunning                        0x2000001c   Data           4  tasks.o(.data)
    xPendedTicks                             0x20000020   Data           4  tasks.o(.data)
    xYieldPending                            0x20000024   Data           4  tasks.o(.data)
    xNumOfOverflows                          0x20000028   Data           4  tasks.o(.data)
    uxTaskNumber                             0x2000002c   Data           4  tasks.o(.data)
    xNextTaskUnblockTime                     0x20000030   Data           4  tasks.o(.data)
    xIdleTaskHandle                          0x20000034   Data           4  tasks.o(.data)
    uxSchedulerSuspended                     0x2000003c   Data           4  tasks.o(.data)
    .data                                    0x20000040   Section       20  timers.o(.data)
    pxCurrentTimerList                       0x20000040   Data           4  timers.o(.data)
    pxOverflowTimerList                      0x20000044   Data           4  timers.o(.data)
    xTimerQueue                              0x20000048   Data           4  timers.o(.data)
    xTimerTaskHandle                         0x2000004c   Data           4  timers.o(.data)
    xLastTime                                0x20000050   Data           4  timers.o(.data)
    .data                                    0x20000054   Section       32  heap_4.o(.data)
    xStart                                   0x20000054   Data           8  heap_4.o(.data)
    pxEnd                                    0x2000005c   Data           4  heap_4.o(.data)
    xFreeBytesRemaining                      0x20000060   Data           4  heap_4.o(.data)
    xMinimumEverFreeBytesRemaining           0x20000064   Data           4  heap_4.o(.data)
    xNumberOfSuccessfulAllocations           0x20000068   Data           4  heap_4.o(.data)
    xNumberOfSuccessfulFrees                 0x2000006c   Data           4  heap_4.o(.data)
    xBlockAllocatedBit                       0x20000070   Data           4  heap_4.o(.data)
    .data                                    0x20000074   Section       12  port.o(.data)
    uxCriticalNesting                        0x20000074   Data           4  port.o(.data)
    ucMaxSysCallPriority                     0x20000078   Data           1  port.o(.data)
    ulMaxPRIGROUPValue                       0x2000007c   Data           4  port.o(.data)
    .data                                    0x20000080   Section       12  main.o(.data)
    .bss                                     0x2000008c   Section       64  queue.o(.bss)
    .bss                                     0x200000cc   Section     1220  tasks.o(.bss)
    pxReadyTasksLists                        0x200000cc   Data        1120  tasks.o(.bss)
    xDelayedTaskList1                        0x2000052c   Data          20  tasks.o(.bss)
    xDelayedTaskList2                        0x20000540   Data          20  tasks.o(.bss)
    xPendingReadyList                        0x20000554   Data          20  tasks.o(.bss)
    xTasksWaitingTermination                 0x20000568   Data          20  tasks.o(.bss)
    xSuspendedTaskList                       0x2000057c   Data          20  tasks.o(.bss)
    .bss                                     0x20000590   Section       40  timers.o(.bss)
    xActiveTimerList1                        0x20000590   Data          20  timers.o(.bss)
    xActiveTimerList2                        0x200005a4   Data          20  timers.o(.bss)
    .bss                                     0x200005b8   Section    15360  heap_4.o(.bss)
    ucHeap                                   0x200005b8   Data       15360  heap_4.o(.bss)
    STACK                                    0x200041b8   Section     1024  startup.o(STACK)

    Global Symbols

    Symbol Name                              Value     Ov Type        Size  Object(Section)

    BuildAttributes$$THM_ISAv4$E$P$D$K$B$S$7EM$VFPi3$EXTD16$VFPS$VFMA$PE$A:L22UL41UL21$X:L11$S22US41US21$IEEE1$IW$USESV6$~STKCKD$USESV7$~SHL$OSPACE$EBA8$MICROLIB$REQ8$PRES8$EABIv2 0x00000000   Number         0  anon$$obj.o ABSOLUTE
    __ARM_use_no_argv                        0x00000000   Number         0  main.o ABSOLUTE
    __arm_fini_                               - Undefined Weak Reference
    __cpp_initialize__aeabi_                  - Undefined Weak Reference
    __cxa_finalize                            - Undefined Weak Reference
    __decompress                              - Undefined Weak Reference
    _clock_init                               - Undefined Weak Reference
    _microlib_exit                            - Undefined Weak Reference
    __Vectors_Size                           0x00000198   Number         0  startup.o ABSOLUTE
    __Vectors                                0x08000000   Data           4  startup.o(RESET)
    __Vectors_End                            0x08000198   Data           0  startup.o(RESET)
    __main                                   0x08000199   Thumb Code     0  entry.o(.ARM.Collect$$$$00000000)
    _main_stk                                0x08000199   Thumb Code     0  entry2.o(.ARM.Collect$$$$00000001)
    _main_scatterload                        0x0800019d   Thumb Code     0  entry5.o(.ARM.Collect$$$$00000004)
    __main_after_scatterload                 0x080001a1   Thumb Code     0  entry5.o(.ARM.Collect$$$$00000004)
    _main_clock                              0x080001a1   Thumb Code     0  entry7b.o(.ARM.Collect$$$$00000008)
    _main_cpp_init                           0x080001a1   Thumb Code     0  entry8b.o(.ARM.Collect$$$$0000000A)
    _main_init                               0x080001a1   Thumb Code     0  entry9a.o(.ARM.Collect$$$$0000000B)
    __rt_lib_shutdown_fini                   0x080001a9   Thumb Code     0  entry12b.o(.ARM.Collect$$$$0000000E)
    __rt_final_cpp                           0x080001ad   Thumb Code     0  entry10a.o(.ARM.Collect$$$$0000000F)
    __rt_final_exit                          0x080001ad   Thumb Code     0  entry11a.o(.ARM.Collect$$$$00000011)
    c                                        0x080001b1   Thumb Code    28  port.o(.emb_text)
    SVC_Handler                              0x080001d1   Thumb Code    28  port.o(.emb_text)
    __asm___6_port_c_39a90d8d__prvStartFirstTask 0x080001f1   Thumb Code    36  port.o(.emb_text)
    __asm___6_port_c_39a90d8d__prvEnableVFP  0x08000219   Thumb Code    16  port.o(.emb_text)
    PendSV_Handler                           0x0800022d   Thumb Code    88  port.o(.emb_text)
    vPortGetIPSR                             0x08000289   Thumb Code     6  port.o(.emb_text)
    Reset_Handler                            0x08000291   Thumb Code    22  startup.o(.text)
    LEDOFF                                   0x08000439   Thumb Code    16  startup.o(.text)
    LEDON                                    0x08000449   Thumb Code    20  startup.o(.text)
    __aeabi_memcpy                           0x08000481   Thumb Code    36  memcpya.o(.text)
    __aeabi_memcpy4                          0x08000481   Thumb Code     0  memcpya.o(.text)
    __aeabi_memcpy8                          0x08000481   Thumb Code     0  memcpya.o(.text)
    __aeabi_memset                           0x080004a5   Thumb Code    14  memseta.o(.text)
    __aeabi_memset4                          0x080004a5   Thumb Code     0  memseta.o(.text)
    __aeabi_memset8                          0x080004a5   Thumb Code     0  memseta.o(.text)
    __aeabi_memclr                           0x080004b3   Thumb Code     4  memseta.o(.text)
    __aeabi_memclr4                          0x080004b3   Thumb Code     0  memseta.o(.text)
    __aeabi_memclr8                          0x080004b3   Thumb Code     0  memseta.o(.text)
    memset                                   0x080004b7   Thumb Code    18  memseta.o(.text)
    __scatterload                            0x080004c9   Thumb Code    28  init.o(.text)
    __scatterload_rt2                        0x080004c9   Thumb Code     0  init.o(.text)
    LEDOFF_task                              0x080004ed   Thumb Code    16  main.o(i.LEDOFF_task)
    LEDON_task                               0x080004fd   Thumb Code    16  main.o(i.LEDON_task)
    SysTick_Handler                          0x0800050d   Thumb Code     8  main.o(i.SysTick_Handler)
    __scatterload_copy                       0x08000515   Thumb Code    14  handlers.o(i.__scatterload_copy)
    __scatterload_null                       0x08000523   Thumb Code     2  handlers.o(i.__scatterload_null)
    __scatterload_zeroinit                   0x08000525   Thumb Code    14  handlers.o(i.__scatterload_zeroinit)
    main                                     0x08000535   Thumb Code    30  main.o(i.main)
    pvPortMalloc                             0x08000f3d   Thumb Code   338  heap_4.o(i.pvPortMalloc)
    pxPortInitialiseStack                    0x080010a9   Thumb Code    38  port.o(i.pxPortInitialiseStack)
    start_task                               0x080010d5   Thumb Code    54  main.o(i.start_task)
    uxListRemove                             0x08001139   Thumb Code    40  list.o(i.uxListRemove)
    vListInitialise                          0x08001161   Thumb Code    26  list.o(i.vListInitialise)
    vListInitialiseItem                      0x0800117b   Thumb Code     6  list.o(i.vListInitialiseItem)
    vListInsert                              0x08001181   Thumb Code    52  list.o(i.vListInsert)
    vListInsertEnd                           0x080011b5   Thumb Code    24  list.o(i.vListInsertEnd)
    vPortEnterCritical                       0x080011cd   Thumb Code    76  port.o(i.vPortEnterCritical)
    vPortExitCritical                        0x08001221   Thumb Code    56  port.o(i.vPortExitCritical)
    vPortFree                                0x0800125d   Thumb Code   150  heap_4.o(i.vPortFree)
    vPortSetupTimerInterrupt                 0x08001301   Thumb Code    20  port.o(i.vPortSetupTimerInterrupt)
    vPortValidateInterruptPriority           0x08001319   Thumb Code   106  port.o(i.vPortValidateInterruptPriority)
    vQueueAddToRegistry                      0x08001391   Thumb Code    38  queue.o(i.vQueueAddToRegistry)
    vQueueWaitForMessageRestricted           0x080013bd   Thumb Code    74  queue.o(i.vQueueWaitForMessageRestricted)
    vTaskDelay                               0x08001409   Thumb Code    82  tasks.o(i.vTaskDelay)
    vTaskDelete                              0x08001465   Thumb Code   168  tasks.o(i.vTaskDelete)
    vTaskInternalSetTimeOutState             0x0800152d   Thumb Code    14  tasks.o(i.vTaskInternalSetTimeOutState)
    vTaskMissedYield                         0x08001545   Thumb Code     8  tasks.o(i.vTaskMissedYield)
    vTaskPlaceOnEventList                    0x08001551   Thumb Code    52  tasks.o(i.vTaskPlaceOnEventList)
    vTaskPlaceOnEventListRestricted          0x08001589   Thumb Code    60  tasks.o(i.vTaskPlaceOnEventListRestricted)
    vTaskStartScheduler                      0x080015c9   Thumb Code   122  tasks.o(i.vTaskStartScheduler)
    vTaskSuspendAll                          0x08001665   Thumb Code    12  tasks.o(i.vTaskSuspendAll)
    vTaskSwitchContext                       0x08001675   Thumb Code   122  tasks.o(i.vTaskSwitchContext)
    xPortStartScheduler                      0x08001705   Thumb Code   330  port.o(i.xPortStartScheduler)
    xPortSysTickHandler                      0x0800186d   Thumb Code    46  port.o(i.xPortSysTickHandler)
    xQueueGenericCreate                      0x080018a1   Thumb Code   162  queue.o(i.xQueueGenericCreate)
    xQueueGenericReset                       0x08001945   Thumb Code   146  queue.o(i.xQueueGenericReset)
    xQueueGenericSend                        0x080019dd   Thumb Code   420  queue.o(i.xQueueGenericSend)
    xQueueGenericSendFromISR                 0x08001b85   Thumb Code   288  queue.o(i.xQueueGenericSendFromISR)
    xQueueReceive                            0x08001ca5   Thumb Code   356  queue.o(i.xQueueReceive)
    xTaskCheckForTimeOut                     0x08001e0d   Thumb Code   136  tasks.o(i.xTaskCheckForTimeOut)
    xTaskCreate                              0x08001e9d   Thumb Code    96  tasks.o(i.xTaskCreate)
    xTaskGetSchedulerState                   0x08001efd   Thumb Code    24  tasks.o(i.xTaskGetSchedulerState)
    xTaskGetTickCount                        0x08001f1d   Thumb Code     6  tasks.o(i.xTaskGetTickCount)
    xTaskIncrementTick                       0x08001f29   Thumb Code   280  tasks.o(i.xTaskIncrementTick)
    xTaskPriorityDisinherit                  0x0800206d   Thumb Code   152  tasks.o(i.xTaskPriorityDisinherit)
    xTaskRemoveFromEventList                 0x08002111   Thumb Code   126  tasks.o(i.xTaskRemoveFromEventList)
    xTaskResumeAll                           0x080021a9   Thumb Code   222  tasks.o(i.xTaskResumeAll)
    xTimerCreateTimerTask                    0x080022ad   Thumb Code    64  timers.o(i.xTimerCreateTimerTask)
    xTimerGenericCommand                     0x08002301   Thumb Code   128  timers.o(i.xTimerGenericCommand)
    Region$$Table$$Base                      0x08002384   Number         0  anon$$obj.o(Region$$Table)
    Region$$Table$$Limit                     0x080023a4   Number         0  anon$$obj.o(Region$$Table)
    pxCurrentTCB                             0x20000000   Data           4  tasks.o(.data)
    uxTopUsedPriority                        0x20000038   Data           4  tasks.o(.data)
    StartTask_Handler                        0x20000080   Data           4  main.o(.data)
    LEDONTask_Handler                        0x20000084   Data           4  main.o(.data)
    LEDOFFTask_Handler                       0x20000088   Data           4  main.o(.data)
    xQueueRegistry                           0x2000008c   Data          64  queue.o(.bss)
    __initial_sp                             0x200045b8   Data           0  startup.o(STACK)
    GPIOC_BASE                               0x40020800   Number         0  startup.o ABSOLUTE



==============================================================================

Memory Map of the image

  Image Entry point : 0x08000291

  Load Region LR_1 (Base: 0x08000000, Size: 0x00002430, Max: 0xffffffff, ABSOLUTE)

    Execution Region ER_RO (Exec base: 0x08000000, Load base: 0x08000000, Size: 0x000023a4, Max: 0xffffffff, ABSOLUTE)

    Exec Addr    Load Addr    Size         Type   Attr      Idx    E Section Name        Object

    0x08000000   0x08000000   0x00000198   Code   RO            3    RESET               startup.o
    0x08000198   0x08000198   0x00000000   Code   RO         1314  * .ARM.Collect$$$$00000000  mc_w.l(entry.o)
    0x08000198   0x08000198   0x00000004   Code   RO         1325    .ARM.Collect$$$$00000001  mc_w.l(entry2.o)
    0x0800019c   0x0800019c   0x00000004   Code   RO         1328    .ARM.Collect$$$$00000004  mc_w.l(entry5.o)
    0x080001a0   0x080001a0   0x00000000   Code   RO         1330    .ARM.Collect$$$$00000008  mc_w.l(entry7b.o)
    0x080001a0   0x080001a0   0x00000000   Code   RO         1332    .ARM.Collect$$$$0000000A  mc_w.l(entry8b.o)
    0x080001a0   0x080001a0   0x00000008   Code   RO         1333    .ARM.Collect$$$$0000000B  mc_w.l(entry9a.o)
    0x080001a8   0x080001a8   0x00000004   Code   RO         1340    .ARM.Collect$$$$0000000E  mc_w.l(entry12b.o)
    0x080001ac   0x080001ac   0x00000000   Code   RO         1335    .ARM.Collect$$$$0000000F  mc_w.l(entry10a.o)
    0x080001ac   0x080001ac   0x00000000   Code   RO         1337    .ARM.Collect$$$$00000011  mc_w.l(entry11a.o)
    0x080001ac   0x080001ac   0x00000004   Code   RO         1326    .ARM.Collect$$$$00002712  mc_w.l(entry2.o)
    0x080001b0   0x080001b0   0x000000de   Code   RO         1198    .emb_text           port.o
    0x0800028e   0x0800028e   0x00000002   PAD
    0x08000290   0x08000290   0x000001f0   Code   RO            4  * .text               startup.o
    0x08000480   0x08000480   0x00000024   Code   RO         1317    .text               mc_w.l(memcpya.o)
    0x080004a4   0x080004a4   0x00000024   Code   RO         1321    .text               mc_w.l(memseta.o)
    0x080004c8   0x080004c8   0x00000024   Code   RO         1341    .text               mc_w.l(init.o)
    0x080004ec   0x080004ec   0x00000010   Code   RO         1275    i.LEDOFF_task       main.o
    0x080004fc   0x080004fc   0x00000010   Code   RO         1276    i.LEDON_task        main.o
    0x0800050c   0x0800050c   0x00000008   Code   RO         1277    i.SysTick_Handler   main.o
    0x08000514   0x08000514   0x0000000e   Code   RO         1345    i.__scatterload_copy  mc_w.l(handlers.o)
    0x08000522   0x08000522   0x00000002   Code   RO         1346    i.__scatterload_null  mc_w.l(handlers.o)
    0x08000524   0x08000524   0x0000000e   Code   RO         1347    i.__scatterload_zeroinit  mc_w.l(handlers.o)
    0x08000532   0x08000532   0x00000002   PAD
    0x08000534   0x08000534   0x00000034   Code   RO         1278    i.main              main.o
    0x08000568   0x08000568   0x0000007c   Code   RO          601    i.prvAddCurrentTaskToDelayedList  tasks.o
    0x080005e4   0x080005e4   0x000000b8   Code   RO          602    i.prvAddNewTaskToReadyList  tasks.o
    0x0800069c   0x0800069c   0x00000064   Code   RO          971    i.prvCheckForValidListAndQueue  timers.o
    0x08000700   0x08000700   0x00000048   Code   RO          603    i.prvCheckTasksWaitingTermination  tasks.o
    0x08000748   0x08000748   0x0000002a   Code   RO          212    i.prvCopyDataFromQueue  queue.o
    0x08000772   0x08000772   0x0000007e   Code   RO          213    i.prvCopyDataToQueue  queue.o
    0x080007f0   0x080007f0   0x00000012   Code   RO          604    i.prvDeleteTCB      tasks.o
    0x08000802   0x08000802   0x00000002   PAD
    0x08000804   0x08000804   0x00000028   Code   RO          972    i.prvGetNextExpireTime  timers.o
    0x0800082c   0x0800082c   0x0000007c   Code   RO         1143    i.prvHeapInit       heap_4.o
    0x080008a8   0x080008a8   0x00000028   Code   RO          605    i.prvIdleTask       tasks.o
    0x080008d0   0x080008d0   0x0000002a   Code   RO          216    i.prvInitialiseNewQueue  queue.o
    0x080008fa   0x080008fa   0x000000be   Code   RO          606    i.prvInitialiseNewTask  tasks.o
    0x080009b8   0x080009b8   0x00000068   Code   RO          607    i.prvInitialiseTaskLists  tasks.o
    0x08000a20   0x08000a20   0x00000068   Code   RO         1144    i.prvInsertBlockIntoFreeList  heap_4.o
    0x08000a88   0x08000a88   0x00000058   Code   RO          974    i.prvInsertTimerInActiveList  timers.o
    0x08000ae0   0x08000ae0   0x0000001a   Code   RO          217    i.prvIsQueueEmpty   queue.o
    0x08000afa   0x08000afa   0x0000001e   Code   RO          218    i.prvIsQueueFull    queue.o
    0x08000b18   0x08000b18   0x00000074   Code   RO          975    i.prvProcessExpiredTimer  timers.o
    0x08000b8c   0x08000b8c   0x00000164   Code   RO          976    i.prvProcessReceivedCommands  timers.o
    0x08000cf0   0x08000cf0   0x00000074   Code   RO          977    i.prvProcessTimerOrBlockTask  timers.o
    0x08000d64   0x08000d64   0x00000030   Code   RO          609    i.prvResetNextTaskUnblockTime  tasks.o
    0x08000d94   0x08000d94   0x0000002c   Code   RO          978    i.prvSampleTimeNow  timers.o
    0x08000dc0   0x08000dc0   0x000000a4   Code   RO          979    i.prvSwitchTimerLists  timers.o
    0x08000e64   0x08000e64   0x00000040   Code   RO         1199    i.prvTaskExitError  port.o
    0x08000ea4   0x08000ea4   0x0000001a   Code   RO          980    i.prvTimerTask      timers.o
    0x08000ebe   0x08000ebe   0x0000007e   Code   RO          219    i.prvUnlockQueue    queue.o
    0x08000f3c   0x08000f3c   0x0000016c   Code   RO         1145    i.pvPortMalloc      heap_4.o
    0x080010a8   0x080010a8   0x0000002c   Code   RO         1200    i.pxPortInitialiseStack  port.o
    0x080010d4   0x080010d4   0x00000064   Code   RO         1279    i.start_task        main.o
    0x08001138   0x08001138   0x00000028   Code   RO          172    i.uxListRemove      list.o
    0x08001160   0x08001160   0x0000001a   Code   RO          173    i.vListInitialise   list.o
    0x0800117a   0x0800117a   0x00000006   Code   RO          174    i.vListInitialiseItem  list.o
    0x08001180   0x08001180   0x00000034   Code   RO          175    i.vListInsert       list.o
    0x080011b4   0x080011b4   0x00000018   Code   RO          176    i.vListInsertEnd    list.o
    0x080011cc   0x080011cc   0x00000054   Code   RO         1202    i.vPortEnterCritical  port.o
    0x08001220   0x08001220   0x0000003c   Code   RO         1203    i.vPortExitCritical  port.o
    0x0800125c   0x0800125c   0x000000a4   Code   RO         1146    i.vPortFree         heap_4.o
    0x08001300   0x08001300   0x00000018   Code   RO         1204    i.vPortSetupTimerInterrupt  port.o
    0x08001318   0x08001318   0x00000078   Code   RO         1205    i.vPortValidateInterruptPriority  port.o
    0x08001390   0x08001390   0x0000002c   Code   RO          225    i.vQueueAddToRegistry  queue.o
    0x080013bc   0x080013bc   0x0000004a   Code   RO          229    i.vQueueWaitForMessageRestricted  queue.o
    0x08001406   0x08001406   0x00000002   PAD
    0x08001408   0x08001408   0x0000005c   Code   RO          622    i.vTaskDelay        tasks.o
    0x08001464   0x08001464   0x000000c8   Code   RO          623    i.vTaskDelete       tasks.o
    0x0800152c   0x0800152c   0x00000018   Code   RO          627    i.vTaskInternalSetTimeOutState  tasks.o
    0x08001544   0x08001544   0x0000000c   Code   RO          628    i.vTaskMissedYield  tasks.o
    0x08001550   0x08001550   0x00000038   Code   RO          629    i.vTaskPlaceOnEventList  tasks.o
    0x08001588   0x08001588   0x00000040   Code   RO          630    i.vTaskPlaceOnEventListRestricted  tasks.o
    0x080015c8   0x080015c8   0x0000009c   Code   RO          638    i.vTaskStartScheduler  tasks.o
    0x08001664   0x08001664   0x00000010   Code   RO          640    i.vTaskSuspendAll   tasks.o
    0x08001674   0x08001674   0x00000090   Code   RO          641    i.vTaskSwitchContext  tasks.o
    0x08001704   0x08001704   0x00000168   Code   RO         1206    i.xPortStartScheduler  port.o
    0x0800186c   0x0800186c   0x00000034   Code   RO         1207    i.xPortSysTickHandler  port.o
    0x080018a0   0x080018a0   0x000000a2   Code   RO          232    i.xQueueGenericCreate  queue.o
    0x08001942   0x08001942   0x00000002   PAD
    0x08001944   0x08001944   0x00000098   Code   RO          233    i.xQueueGenericReset  queue.o
    0x080019dc   0x080019dc   0x000001a8   Code   RO          234    i.xQueueGenericSend  queue.o
    0x08001b84   0x08001b84   0x00000120   Code   RO          235    i.xQueueGenericSendFromISR  queue.o
    0x08001ca4   0x08001ca4   0x00000168   Code   RO          244    i.xQueueReceive     queue.o
    0x08001e0c   0x08001e0c   0x00000090   Code   RO          643    i.xTaskCheckForTimeOut  tasks.o
    0x08001e9c   0x08001e9c   0x00000060   Code   RO          644    i.xTaskCreate       tasks.o
    0x08001efc   0x08001efc   0x00000020   Code   RO          651    i.xTaskGetSchedulerState  tasks.o
    0x08001f1c   0x08001f1c   0x0000000c   Code   RO          652    i.xTaskGetTickCount  tasks.o
    0x08001f28   0x08001f28   0x00000144   Code   RO          654    i.xTaskIncrementTick  tasks.o
    0x0800206c   0x0800206c   0x000000a4   Code   RO          655    i.xTaskPriorityDisinherit  tasks.o
    0x08002110   0x08002110   0x00000098   Code   RO          657    i.xTaskRemoveFromEventList  tasks.o
    0x080021a8   0x080021a8   0x00000104   Code   RO          658    i.xTaskResumeAll    tasks.o
    0x080022ac   0x080022ac   0x00000054   Code   RO          988    i.xTimerCreateTimerTask  timers.o
    0x08002300   0x08002300   0x00000084   Code   RO          989    i.xTimerGenericCommand  timers.o
    0x08002384   0x08002384   0x00000020   Data   RO         1343    Region$$Table       anon$$obj.o


    Execution Region ER_RW (Exec base: 0x20000000, Load base: 0x080023a4, Size: 0x0000008c, Max: 0xffffffff, ABSOLUTE)

    Exec Addr    Load Addr    Size         Type   Attr      Idx    E Section Name        Object

    0x20000000   0x080023a4   0x00000040   Data   RW          661    .data               tasks.o
    0x20000040   0x080023e4   0x00000014   Data   RW          997    .data               timers.o
    0x20000054   0x080023f8   0x00000020   Data   RW         1152    .data               heap_4.o
    0x20000074   0x08002418   0x0000000c   Data   RW         1208    .data               port.o
    0x20000080   0x08002424   0x0000000c   Data   RW         1280    .data               main.o


    Execution Region ER_ZI (Exec base: 0x2000008c, Load base: 0x08002430, Size: 0x0000452c, Max: 0xffffffff, ABSOLUTE)

    Exec Addr    Load Addr    Size         Type   Attr      Idx    E Section Name        Object

    0x2000008c        -       0x00000040   Zero   RW          248    .bss                queue.o
    0x200000cc        -       0x000004c4   Zero   RW          660    .bss                tasks.o
    0x20000590        -       0x00000028   Zero   RW          996    .bss                timers.o
    0x200005b8        -       0x00003c00   Zero   RW         1151    .bss                heap_4.o
    0x200041b8        -       0x00000400   Zero   RW            1    STACK               startup.o


==============================================================================

Image component sizes


      Code (inc. data)   RO Data    RW Data    ZI Data      Debug   Object Name

         0          0          0          0          0      17544   croutine.o
         0          0          0          0          0      13240   event_groups.o
       756         74          0         32      15360       4487   heap_4.o
       148          0          0          0          0       3274   list.o
       192         68          0         12          0       2862   main.o
      1030         96          0         12          0      11165   port.o
      1896         20          0          0         64      15950   queue.o
       904        444          0          0       1024       1028   startup.o
      2728        382          0         64       1220      27802   tasks.o
      1266        114          0         20         40      25307   timers.o

    ----------------------------------------------------------------------
      8928       1198         32        140      17708     122659   Object Totals
         0          0         32          0          0          0   (incl. Generated)
         8          0          0          0          0          0   (incl. Padding)

    ----------------------------------------------------------------------

      Code (inc. data)   RO Data    RW Data    ZI Data      Debug   Library Member Name

         0          0          0          0          0          0   entry.o
         0          0          0          0          0          0   entry10a.o
         0          0          0          0          0          0   entry11a.o
         4          0          0          0          0          0   entry12b.o
         8          4          0          0          0          0   entry2.o
         4          0          0          0          0          0   entry5.o
         0          0          0          0          0          0   entry7b.o
         0          0          0          0          0          0   entry8b.o
         8          4          0          0          0          0   entry9a.o
        30          0          0          0          0          0   handlers.o
        36          8          0          0          0         68   init.o
        36          0          0          0          0         68   memcpya.o
        36          0          0          0          0        108   memseta.o

    ----------------------------------------------------------------------
       164         16          0          0          0        244   Library Totals
         2          0          0          0          0          0   (incl. Padding)

    ----------------------------------------------------------------------

      Code (inc. data)   RO Data    RW Data    ZI Data      Debug   Library Name

       162         16          0          0          0        244   mc_w.l

    ----------------------------------------------------------------------
       164         16          0          0          0        244   Library Totals

    ----------------------------------------------------------------------

==============================================================================


      Code (inc. data)   RO Data    RW Data    ZI Data      Debug   

      9092       1214         32        140      17708     116255   Grand Totals
      9092       1214         32        140      17708     116255   ELF Image Totals
      9092       1214         32        140          0          0   ROM Totals

==============================================================================

    Total RO  Size (Code + RO Data)                 9124 (   8.91kB)
    Total RW  Size (RW Data + ZI Data)             17848 (  17.43kB)
    Total ROM Size (Code + RO Data + RW Data)       9264 (   9.05kB)

==============================================================================

